0 verbose cli /Users/aogengyuan/.nvm/versions/node/v22.8.0/bin/node /Users/aogengyuan/.nvm/versions/node/v22.8.0/bin/npm
1 info using npm@10.8.2
2 info using node@v22.8.0
3 silly config load:file:/Users/aogengyuan/.nvm/versions/node/v22.8.0/lib/node_modules/npm/npmrc
4 silly config load:file:/Users/aogengyuan/.npmrc
5 silly config load:file:/Users/aogengyuan/.nvm/versions/node/v22.8.0/etc/npmrc
6 verbose title npm install
7 verbose argv "install"
8 verbose logfile logs-max:10 dir:/Users/aogengyuan/PycharmProjects/hands_gesture/.npm-cache/_logs/2026-09-02T12_23_33_776Z-
9 verbose logfile /Users/aogengyuan/PycharmProjects/hands_gesture/.npm-cache/_logs/2026-09-02T12_23_33_776Z-debug-0.log
10 silly packumentCache heap:2197815296 maxSize:549453824 maxEntrySize:274726912
11 silly logfile done cleaning log files
12 silly idealTree buildDeps
13 silly reify moves {}
14 silly audit report null
15 verbose stack Error: EPERM: operation not permitted, open '/Users/aogengyuan/package-lock.json'
15 verbose stack     at async open (node:internal/fs/promises:638:25)
15 verbose stack     at async writeFile (node:internal/fs/promises:1208:14)
15 verbose stack     at async Promise.all (index 0)
15 verbose stack     at async [saveIdealTree] (/Users/aogengyuan/.nvm/versions/node/v22.8.0/lib/node_modules/npm/node_modules/@npmcli/arborist/lib/arborist/reify.js:1526:7)
15 verbose stack     at async Arborist.reify (/Users/aogengyuan/.nvm/versions/node/v22.8.0/lib/node_modules/npm/node_modules/@npmcli/arborist/lib/arborist/reify.js:148:5)
15 verbose stack     at async Install.exec (/Users/aogengyuan/.nvm/versions/node/v22.8.0/lib/node_modules/npm/lib/commands/install.js:150:5)
15 verbose stack     at async Npm.exec (/Users/aogengyuan/.nvm/versions/node/v22.8.0/lib/node_modules/npm/lib/npm.js:207:9)
15 verbose stack     at async module.exports (/Users/aogengyuan/.nvm/versions/node/v22.8.0/lib/node_modules/npm/lib/cli/entry.js:74:5)
16 error code EPERM
17 error syscall open
18 error path /Users/aogengyuan/package-lock.json
19 error errno -1
20 error Error: EPERM: operation not permitted, open '/Users/aogengyuan/package-lock.json'
20 error     at async open (node:internal/fs/promises:638:25)
20 error     at async writeFile (node:internal/fs/promises:1208:14)
20 error     at async Promise.all (index 0)
20 error     at async [saveIdealTree] (/Users/aogengyuan/.nvm/versions/node/v22.8.0/lib/node_modules/npm/node_modules/@npmcli/arborist/lib/arborist/reify.js:1526:7)
20 error     at async Arborist.reify (/Users/aogengyuan/.nvm/versions/node/v22.8.0/lib/node_modules/npm/node_modules/@npmcli/arborist/lib/arborist/reify.js:148:5)
20 error     at async Install.exec (/Users/aogengyuan/.nvm/versions/node/v22.8.0/lib/node_modules/npm/lib/commands/install.js:150:5)
20 error     at async Npm.exec (/Users/aogengyuan/.nvm/versions/node/v22.8.0/lib/node_modules/npm/lib/npm.js:207:9)
20 error     at async module.exports (/Users/aogengyuan/.nvm/versions/node/v22.8.0/lib/node_modules/npm/lib/cli/entry.js:74:5) {
20 error   errno: -1,
20 error   code: 'EPERM',
20 error   syscall: 'open',
20 error   path: '/Users/aogengyuan/package-lock.json'
20 error }
21 error
21 error The operation was rejected by your operating system.
21 error It is likely you do not have the permissions to access this file as the current user
21 error
21 error If you believe this might be a permissions issue, please double-check the
21 error permissions of the file and its containing directories, or try running
21 error the command again as root/Administrator.
22 silly unfinished npm timer reify 1788351814077
23 silly unfinished npm timer reify:save 1788351814095
24 verbose cwd /Users/aogengyuan/PycharmProjects/hands_gesture
25 verbose os Darwin 23.6.0
26 verbose node v22.8.0
27 verbose npm  v10.8.2
28 verbose exit -1
29 verbose code -1
30 error A complete log of this run can be found in: /Users/aogengyuan/PycharmProjects/hands_gesture/.npm-cache/_logs/2026-09-02T12_23_33_776Z-debug-0.log
