0 verbose cli /Users/aogengyuan/.nvm/versions/node/v22.8.0/bin/node /Users/aogengyuan/.nvm/versions/node/v22.8.0/lib/node_modules/npm/bin/npm-cli.js
1 info using npm@10.8.2
2 info using node@v22.8.0
3 silly config load:file:/Users/aogengyuan/.nvm/versions/node/v22.8.0/lib/node_modules/npm/npmrc
4 silly config load:file:/Users/aogengyuan/.npmrc
5 silly config load:file:/Users/aogengyuan/.nvm/versions/node/v22.8.0/etc/npmrc
6 verbose title npm exec tsc --noEmit
7 verbose argv "exec" "--" "tsc" "--noEmit"
8 verbose logfile logs-max:10 dir:/Users/aogengyuan/PycharmProjects/hands_gesture/.npm-cache/_logs/2026-09-02T12_26_22_238Z-
9 verbose logfile /Users/aogengyuan/PycharmProjects/hands_gesture/.npm-cache/_logs/2026-09-02T12_26_22_238Z-debug-0.log
10 silly logfile done cleaning log files
11 silly packumentCache heap:2197815296 maxSize:549453824 maxEntrySize:274726912
12 http fetch GET 200 https://registry.npmjs.org/tsc 1739ms (cache miss)
13 silly packumentCache heap:2197815296 maxSize:549453824 maxEntrySize:274726912
14 silly packumentCache heap:2197815296 maxSize:549453824 maxEntrySize:274726912
15 warn exec The following package was not found and will be installed: tsc@2.0.4
16 silly idealTree buildDeps
17 silly fetch manifest tsc@2.0.4
18 silly packumentCache full:https://registry.npmjs.org/tsc cache-miss
19 http fetch GET 200 https://registry.npmjs.org/tsc 297ms (cache miss)
20 silly packumentCache full:https://registry.npmjs.org/tsc set size:undefined disposed:false
21 silly placeDep ROOT tsc@2.0.4 OK for:  want: 2.0.4
22 silly reify moves {}
23 silly audit bulk request { tsc: [ '2.0.4' ] }
24 silly tarball no local data for tsc@https://registry.npmjs.org/tsc/-/tsc-2.0.4.tgz. Extracting by manifest.
25 http fetch POST 200 https://registry.npmjs.org/-/npm/v1/security/advisories/bulk 373ms
26 silly audit report {}
27 http fetch GET 200 https://registry.npmjs.org/tsc/-/tsc-2.0.4.tgz 1826ms (cache miss)
28 warn deprecated tsc@2.0.4: Package no longer supported. Contact Support at https://www.npmjs.com/support for more info.
29 verbose cwd /Users/aogengyuan/PycharmProjects/hands_gesture
30 verbose os Darwin 23.6.0
31 verbose node v22.8.0
32 verbose npm  v10.8.2
33 verbose exit 1
34 verbose code 1
