0 verbose cli /Users/aogengyuan/.nvm/versions/node/v22.8.0/bin/node /Users/aogengyuan/.nvm/versions/node/v22.8.0/bin/npm
1 info using npm@10.8.2
2 info using node@v22.8.0
3 silly config load:file:/Users/aogengyuan/.nvm/versions/node/v22.8.0/lib/node_modules/npm/npmrc
4 silly config load:file:/Users/aogengyuan/PycharmProjects/hands_gesture/hands-gesture-web/.npmrc
5 silly config load:file:/Users/aogengyuan/.npmrc
6 silly config load:file:/Users/aogengyuan/.nvm/versions/node/v22.8.0/etc/npmrc
7 verbose title npm install @rolldown/binding-darwin-arm64
8 verbose argv "install" "@rolldown/binding-darwin-arm64"
9 verbose logfile logs-max:10 dir:/Users/aogengyuan/PycharmProjects/hands_gesture/.npm-cache/_logs/2026-09-02T12_36_12_828Z-
10 verbose logfile /Users/aogengyuan/PycharmProjects/hands_gesture/.npm-cache/_logs/2026-09-02T12_36_12_828Z-debug-0.log
11 silly packumentCache heap:2197815296 maxSize:549453824 maxEntrySize:274726912
12 silly logfile done cleaning log files
13 silly idealTree buildDeps
14 silly fetch manifest @rolldown/binding-darwin-arm64@*
15 silly packumentCache full:https://registry.npmjs.org/@rolldown%2fbinding-darwin-arm64 cache-miss
16 verbose shrinkwrap failed to load node_modules/.package-lock.json out of date, updated: node_modules
17 http fetch GET 200 https://registry.npmjs.org/@rolldown%2fbinding-darwin-arm64 2044ms (cache revalidated)
18 silly packumentCache full:https://registry.npmjs.org/@rolldown%2fbinding-darwin-arm64 set size:1403297 disposed:false
19 silly placeDep ROOT @rolldown/binding-darwin-arm64@0.15.1 REPLACE for: hands-gesture-web@0.0.0 want: *
20 silly fetch manifest @rolldown/binding-darwin-arm64@1.2.6
21 silly packumentCache full:https://registry.npmjs.org/@rolldown%2fbinding-darwin-arm64 cache-miss
22 http fetch GET 200 https://registry.npmjs.org/@rolldown%2fbinding-darwin-arm64 8ms (cache hit)
23 silly packumentCache full:https://registry.npmjs.org/@rolldown%2fbinding-darwin-arm64 set size:1403297 disposed:false
24 silly placeDep ROOT @rolldown/binding-darwin-arm64@1.2.6 REPLACE for: rolldown@1.2.6 want: 1.2.6
25 warn EBADENGINE Unsupported engine {
25 warn EBADENGINE   package: '@vitejs/plugin-react@6.1.1',
25 warn EBADENGINE   required: { node: '^20.19.0 || >=22.12.0' },
25 warn EBADENGINE   current: { node: 'v22.8.0', npm: '10.8.2' }
25 warn EBADENGINE }
26 warn EBADENGINE Unsupported engine {
26 warn EBADENGINE   package: 'oxlint@1.81.0',
26 warn EBADENGINE   required: { node: '^20.19.0 || >=22.12.0' },
26 warn EBADENGINE   current: { node: 'v22.8.0', npm: '10.8.2' }
26 warn EBADENGINE }
27 warn EBADENGINE Unsupported engine {
27 warn EBADENGINE   package: 'rolldown@1.2.6',
27 warn EBADENGINE   required: { node: '^20.19.0 || >=22.12.0' },
27 warn EBADENGINE   current: { node: 'v22.8.0', npm: '10.8.2' }
27 warn EBADENGINE }
28 warn EBADENGINE Unsupported engine {
28 warn EBADENGINE   package: 'vite@8.2.2',
28 warn EBADENGINE   required: { node: '^20.19.0 || >=22.12.0' },
28 warn EBADENGINE   current: { node: 'v22.8.0', npm: '10.8.2' }
28 warn EBADENGINE }
29 warn EBADENGINE Unsupported engine {
29 warn EBADENGINE   package: '@rolldown/binding-darwin-arm64@1.2.6',
29 warn EBADENGINE   required: { node: '^20.19.0 || >=22.12.0' },
29 warn EBADENGINE   current: { node: 'v22.8.0', npm: '10.8.2' }
29 warn EBADENGINE }
30 silly reify moves {}
31 silly audit bulk request {
31 silly audit   '@mediapipe/tasks-vision': [ '1.0.1' ],
31 silly audit   '@oxc-project/types': [ '0.147.0' ],
31 silly audit   '@oxlint/binding-android-arm-eabi': [ '1.81.0' ],
31 silly audit   '@oxlint/binding-android-arm64': [ '1.81.0' ],
31 silly audit   '@oxlint/binding-darwin-arm64': [ '1.81.0' ],
31 silly audit   '@oxlint/binding-darwin-x64': [ '1.81.0' ],
31 silly audit   '@oxlint/binding-freebsd-x64': [ '1.81.0' ],
31 silly audit   '@oxlint/binding-linux-arm-gnueabihf': [ '1.81.0' ],
31 silly audit   '@oxlint/binding-linux-arm-musleabihf': [ '1.81.0' ],
31 silly audit   '@oxlint/binding-linux-arm64-gnu': [ '1.81.0' ],
31 silly audit   '@oxlint/binding-linux-arm64-musl': [ '1.81.0' ],
31 silly audit   '@oxlint/binding-linux-ppc64-gnu': [ '1.81.0' ],
31 silly audit   '@oxlint/binding-linux-riscv64-gnu': [ '1.81.0' ],
31 silly audit   '@oxlint/binding-linux-riscv64-musl': [ '1.81.0' ],
31 silly audit   '@oxlint/binding-linux-s390x-gnu': [ '1.81.0' ],
31 silly audit   '@oxlint/binding-linux-x64-gnu': [ '1.81.0' ],
31 silly audit   '@oxlint/binding-linux-x64-musl': [ '1.81.0' ],
31 silly audit   '@oxlint/binding-openharmony-arm64': [ '1.81.0' ],
31 silly audit   '@oxlint/binding-win32-arm64-msvc': [ '1.81.0' ],
31 silly audit   '@oxlint/binding-win32-ia32-msvc': [ '1.81.0' ],
31 silly audit   '@oxlint/binding-win32-x64-msvc': [ '1.81.0' ],
31 silly audit   '@rolldown/binding-android-arm-eabi': [ '1.2.6' ],
31 silly audit   '@rolldown/binding-android-arm64': [ '1.2.6' ],
31 silly audit   '@rolldown/binding-darwin-x64': [ '1.2.6' ],
31 silly audit   '@rolldown/binding-freebsd-x64': [ '1.2.6' ],
31 silly audit   '@rolldown/binding-linux-arm-gnueabihf': [ '1.2.6' ],
31 silly audit   '@rolldown/binding-linux-arm64-gnu': [ '1.2.6' ],
31 silly audit   '@rolldown/binding-linux-arm64-musl': [ '1.2.6' ],
31 silly audit   '@rolldown/binding-linux-ppc64-gnu': [ '1.2.6' ],
31 silly audit   '@rolldown/binding-linux-s390x-gnu': [ '1.2.6' ],
31 silly audit   '@rolldown/binding-linux-x64-gnu': [ '1.2.6' ],
31 silly audit   '@rolldown/binding-linux-x64-musl': [ '1.2.6' ],
31 silly audit   '@rolldown/binding-openharmony-arm64': [ '1.2.6' ],
31 silly audit   '@rolldown/binding-win32-arm64-msvc': [ '1.2.6' ],
31 silly audit   '@rolldown/binding-win32-x64-msvc': [ '1.2.6' ],
31 silly audit   '@rolldown/pluginutils': [ '1.0.1' ],
31 silly audit   '@types/node': [ '24.13.3' ],
31 silly audit   '@types/react': [ '19.2.18' ],
31 silly audit   '@types/react-dom': [ '19.2.5' ],
31 silly audit   '@vitejs/plugin-react': [ '6.1.1' ],
31 silly audit   csstype: [ '3.2.3' ],
31 silly audit   'detect-libc': [ '2.1.2' ],
31 silly audit   fdir: [ '6.5.0' ],
31 silly audit   fsevents: [ '2.3.3' ],
31 silly audit   lightningcss: [ '1.33.0' ],
31 silly audit   'lightningcss-android-arm64': [ '1.33.0' ],
31 silly audit   'lightningcss-darwin-arm64': [ '1.33.0' ],
31 silly audit   'lightningcss-darwin-x64': [ '1.33.0' ],
31 silly audit   'lightningcss-freebsd-x64': [ '1.33.0' ],
31 silly audit   'lightningcss-linux-arm-gnueabihf': [ '1.33.0' ],
31 silly audit   'lightningcss-linux-arm64-gnu': [ '1.33.0' ],
31 silly audit   'lightningcss-linux-arm64-musl': [ '1.33.0' ],
31 silly audit   'lightningcss-linux-x64-gnu': [ '1.33.0' ],
31 silly audit   'lightningcss-linux-x64-musl': [ '1.33.0' ],
31 silly audit   'lightningcss-win32-arm64-msvc': [ '1.33.0' ],
31 silly audit   'lightningcss-win32-x64-msvc': [ '1.33.0' ],
31 silly audit   nanoid: [ '3.3.18' ],
31 silly audit   oxlint: [ '1.81.0' ],
31 silly audit   picocolors: [ '1.1.1' ],
31 silly audit   picomatch: [ '4.0.7' ],
31 silly audit   postcss: [ '8.5.26' ],
31 silly audit   react: [ '19.2.8' ],
31 silly audit   'react-dom': [ '19.2.8' ],
31 silly audit   rolldown: [ '1.2.6' ],
31 silly audit   scheduler: [ '0.27.0' ],
31 silly audit   'source-map-js': [ '1.2.1' ],
31 silly audit   tinyglobby: [ '0.2.17' ],
31 silly audit   typescript: [ '6.0.3' ],
31 silly audit   'undici-types': [ '7.18.2' ],
31 silly audit   vite: [ '8.2.2' ],
31 silly audit   '@rolldown/binding-darwin-arm64': [ '1.2.6' ]
31 silly audit }
32 verbose reify failed optional dependency /Users/aogengyuan/PycharmProjects/hands_gesture/hands-gesture-web/node_modules/lightningcss-win32-x64-msvc
33 silly reify mark deleted [
33 silly reify   '/Users/aogengyuan/PycharmProjects/hands_gesture/hands-gesture-web/node_modules/lightningcss-win32-x64-msvc'
33 silly reify ]
34 verbose reify failed optional dependency /Users/aogengyuan/PycharmProjects/hands_gesture/hands-gesture-web/node_modules/lightningcss-win32-arm64-msvc
35 silly reify mark deleted [
35 silly reify   '/Users/aogengyuan/PycharmProjects/hands_gesture/hands-gesture-web/node_modules/lightningcss-win32-arm64-msvc'
35 silly reify ]
36 verbose reify failed optional dependency /Users/aogengyuan/PycharmProjects/hands_gesture/hands-gesture-web/node_modules/lightningcss-linux-x64-musl
37 silly reify mark deleted [
37 silly reify   '/Users/aogengyuan/PycharmProjects/hands_gesture/hands-gesture-web/node_modules/lightningcss-linux-x64-musl'
37 silly reify ]
38 verbose reify failed optional dependency /Users/aogengyuan/PycharmProjects/hands_gesture/hands-gesture-web/node_modules/lightningcss-linux-x64-gnu
39 silly reify mark deleted [
39 silly reify   '/Users/aogengyuan/PycharmProjects/hands_gesture/hands-gesture-web/node_modules/lightningcss-linux-x64-gnu'
39 silly reify ]
40 verbose reify failed optional dependency /Users/aogengyuan/PycharmProjects/hands_gesture/hands-gesture-web/node_modules/lightningcss-linux-arm64-musl
41 silly reify mark deleted [
41 silly reify   '/Users/aogengyuan/PycharmProjects/hands_gesture/hands-gesture-web/node_modules/lightningcss-linux-arm64-musl'
41 silly reify ]
42 verbose reify failed optional dependency /Users/aogengyuan/PycharmProjects/hands_gesture/hands-gesture-web/node_modules/lightningcss-linux-arm64-gnu
43 silly reify mark deleted [
43 silly reify   '/Users/aogengyuan/PycharmProjects/hands_gesture/hands-gesture-web/node_modules/lightningcss-linux-arm64-gnu'
43 silly reify ]
44 verbose reify failed optional dependency /Users/aogengyuan/PycharmProjects/hands_gesture/hands-gesture-web/node_modules/lightningcss-linux-arm-gnueabihf
45 silly reify mark deleted [
45 silly reify   '/Users/aogengyuan/PycharmProjects/hands_gesture/hands-gesture-web/node_modules/lightningcss-linux-arm-gnueabihf'
45 silly reify ]
46 verbose reify failed optional dependency /Users/aogengyuan/PycharmProjects/hands_gesture/hands-gesture-web/node_modules/lightningcss-freebsd-x64
47 silly reify mark deleted [
47 silly reify   '/Users/aogengyuan/PycharmProjects/hands_gesture/hands-gesture-web/node_modules/lightningcss-freebsd-x64'
47 silly reify ]
48 verbose reify failed optional dependency /Users/aogengyuan/PycharmProjects/hands_gesture/hands-gesture-web/node_modules/lightningcss-darwin-x64
49 silly reify mark deleted [
49 silly reify   '/Users/aogengyuan/PycharmProjects/hands_gesture/hands-gesture-web/node_modules/lightningcss-darwin-x64'
49 silly reify ]
50 verbose reify failed optional dependency /Users/aogengyuan/PycharmProjects/hands_gesture/hands-gesture-web/node_modules/lightningcss-android-arm64
51 silly reify mark deleted [
51 silly reify   '/Users/aogengyuan/PycharmProjects/hands_gesture/hands-gesture-web/node_modules/lightningcss-android-arm64'
51 silly reify ]
52 verbose reify failed optional dependency /Users/aogengyuan/PycharmProjects/hands_gesture/hands-gesture-web/node_modules/@rolldown/binding-win32-x64-msvc
53 silly reify mark deleted [
53 silly reify   '/Users/aogengyuan/PycharmProjects/hands_gesture/hands-gesture-web/node_modules/@rolldown/binding-win32-x64-msvc'
53 silly reify ]
54 verbose reify failed optional dependency /Users/aogengyuan/PycharmProjects/hands_gesture/hands-gesture-web/node_modules/@rolldown/binding-win32-arm64-msvc
55 silly reify mark deleted [
55 silly reify   '/Users/aogengyuan/PycharmProjects/hands_gesture/hands-gesture-web/node_modules/@rolldown/binding-win32-arm64-msvc'
55 silly reify ]
56 verbose reify failed optional dependency /Users/aogengyuan/PycharmProjects/hands_gesture/hands-gesture-web/node_modules/@rolldown/binding-openharmony-arm64
57 silly reify mark deleted [
57 silly reify   '/Users/aogengyuan/PycharmProjects/hands_gesture/hands-gesture-web/node_modules/@rolldown/binding-openharmony-arm64'
57 silly reify ]
58 verbose reify failed optional dependency /Users/aogengyuan/PycharmProjects/hands_gesture/hands-gesture-web/node_modules/@rolldown/binding-linux-x64-musl
59 silly reify mark deleted [
59 silly reify   '/Users/aogengyuan/PycharmProjects/hands_gesture/hands-gesture-web/node_modules/@rolldown/binding-linux-x64-musl'
59 silly reify ]
60 verbose reify failed optional dependency /Users/aogengyuan/PycharmProjects/hands_gesture/hands-gesture-web/node_modules/@rolldown/binding-linux-x64-gnu
61 silly reify mark deleted [
61 silly reify   '/Users/aogengyuan/PycharmProjects/hands_gesture/hands-gesture-web/node_modules/@rolldown/binding-linux-x64-gnu'
61 silly reify ]
62 verbose reify failed optional dependency /Users/aogengyuan/PycharmProjects/hands_gesture/hands-gesture-web/node_modules/@rolldown/binding-linux-s390x-gnu
63 silly reify mark deleted [
63 silly reify   '/Users/aogengyuan/PycharmProjects/hands_gesture/hands-gesture-web/node_modules/@rolldown/binding-linux-s390x-gnu'
63 silly reify ]
64 verbose reify failed optional dependency /Users/aogengyuan/PycharmProjects/hands_gesture/hands-gesture-web/node_modules/@rolldown/binding-linux-ppc64-gnu
65 silly reify mark deleted [
65 silly reify   '/Users/aogengyuan/PycharmProjects/hands_gesture/hands-gesture-web/node_modules/@rolldown/binding-linux-ppc64-gnu'
65 silly reify ]
66 verbose reify failed optional dependency /Users/aogengyuan/PycharmProjects/hands_gesture/hands-gesture-web/node_modules/@rolldown/binding-linux-arm64-musl
67 silly reify mark deleted [
67 silly reify   '/Users/aogengyuan/PycharmProjects/hands_gesture/hands-gesture-web/node_modules/@rolldown/binding-linux-arm64-musl'
67 silly reify ]
68 verbose reify failed optional dependency /Users/aogengyuan/PycharmProjects/hands_gesture/hands-gesture-web/node_modules/@rolldown/binding-linux-arm64-gnu
69 silly reify mark deleted [
69 silly reify   '/Users/aogengyuan/PycharmProjects/hands_gesture/hands-gesture-web/node_modules/@rolldown/binding-linux-arm64-gnu'
69 silly reify ]
70 verbose reify failed optional dependency /Users/aogengyuan/PycharmProjects/hands_gesture/hands-gesture-web/node_modules/@rolldown/binding-linux-arm-gnueabihf
71 silly reify mark deleted [
71 silly reify   '/Users/aogengyuan/PycharmProjects/hands_gesture/hands-gesture-web/node_modules/@rolldown/binding-linux-arm-gnueabihf'
71 silly reify ]
72 verbose reify failed optional dependency /Users/aogengyuan/PycharmProjects/hands_gesture/hands-gesture-web/node_modules/@rolldown/binding-freebsd-x64
73 silly reify mark deleted [
73 silly reify   '/Users/aogengyuan/PycharmProjects/hands_gesture/hands-gesture-web/node_modules/@rolldown/binding-freebsd-x64'
73 silly reify ]
74 verbose reify failed optional dependency /Users/aogengyuan/PycharmProjects/hands_gesture/hands-gesture-web/node_modules/@rolldown/binding-darwin-x64
75 silly reify mark deleted [
75 silly reify   '/Users/aogengyuan/PycharmProjects/hands_gesture/hands-gesture-web/node_modules/@rolldown/binding-darwin-x64'
75 silly reify ]
76 verbose reify failed optional dependency /Users/aogengyuan/PycharmProjects/hands_gesture/hands-gesture-web/node_modules/@rolldown/binding-android-arm64
77 silly reify mark deleted [
77 silly reify   '/Users/aogengyuan/PycharmProjects/hands_gesture/hands-gesture-web/node_modules/@rolldown/binding-android-arm64'
77 silly reify ]
78 verbose reify failed optional dependency /Users/aogengyuan/PycharmProjects/hands_gesture/hands-gesture-web/node_modules/@rolldown/binding-android-arm-eabi
79 silly reify mark deleted [
79 silly reify   '/Users/aogengyuan/PycharmProjects/hands_gesture/hands-gesture-web/node_modules/@rolldown/binding-android-arm-eabi'
79 silly reify ]
80 verbose reify failed optional dependency /Users/aogengyuan/PycharmProjects/hands_gesture/hands-gesture-web/node_modules/@oxlint/binding-win32-x64-msvc
81 silly reify mark deleted [
81 silly reify   '/Users/aogengyuan/PycharmProjects/hands_gesture/hands-gesture-web/node_modules/@oxlint/binding-win32-x64-msvc'
81 silly reify ]
82 verbose reify failed optional dependency /Users/aogengyuan/PycharmProjects/hands_gesture/hands-gesture-web/node_modules/@oxlint/binding-win32-ia32-msvc
83 silly reify mark deleted [
83 silly reify   '/Users/aogengyuan/PycharmProjects/hands_gesture/hands-gesture-web/node_modules/@oxlint/binding-win32-ia32-msvc'
83 silly reify ]
84 verbose reify failed optional dependency /Users/aogengyuan/PycharmProjects/hands_gesture/hands-gesture-web/node_modules/@oxlint/binding-win32-arm64-msvc
85 silly reify mark deleted [
85 silly reify   '/Users/aogengyuan/PycharmProjects/hands_gesture/hands-gesture-web/node_modules/@oxlint/binding-win32-arm64-msvc'
85 silly reify ]
86 verbose reify failed optional dependency /Users/aogengyuan/PycharmProjects/hands_gesture/hands-gesture-web/node_modules/@oxlint/binding-openharmony-arm64
87 silly reify mark deleted [
87 silly reify   '/Users/aogengyuan/PycharmProjects/hands_gesture/hands-gesture-web/node_modules/@oxlint/binding-openharmony-arm64'
87 silly reify ]
88 verbose reify failed optional dependency /Users/aogengyuan/PycharmProjects/hands_gesture/hands-gesture-web/node_modules/@oxlint/binding-linux-x64-musl
89 silly reify mark deleted [
89 silly reify   '/Users/aogengyuan/PycharmProjects/hands_gesture/hands-gesture-web/node_modules/@oxlint/binding-linux-x64-musl'
89 silly reify ]
90 verbose reify failed optional dependency /Users/aogengyuan/PycharmProjects/hands_gesture/hands-gesture-web/node_modules/@oxlint/binding-linux-x64-gnu
91 silly reify mark deleted [
91 silly reify   '/Users/aogengyuan/PycharmProjects/hands_gesture/hands-gesture-web/node_modules/@oxlint/binding-linux-x64-gnu'
91 silly reify ]
92 verbose reify failed optional dependency /Users/aogengyuan/PycharmProjects/hands_gesture/hands-gesture-web/node_modules/@oxlint/binding-linux-s390x-gnu
93 silly reify mark deleted [
93 silly reify   '/Users/aogengyuan/PycharmProjects/hands_gesture/hands-gesture-web/node_modules/@oxlint/binding-linux-s390x-gnu'
93 silly reify ]
94 verbose reify failed optional dependency /Users/aogengyuan/PycharmProjects/hands_gesture/hands-gesture-web/node_modules/@oxlint/binding-linux-riscv64-musl
95 silly reify mark deleted [
95 silly reify   '/Users/aogengyuan/PycharmProjects/hands_gesture/hands-gesture-web/node_modules/@oxlint/binding-linux-riscv64-musl'
95 silly reify ]
96 verbose reify failed optional dependency /Users/aogengyuan/PycharmProjects/hands_gesture/hands-gesture-web/node_modules/@oxlint/binding-linux-riscv64-gnu
97 silly reify mark deleted [
97 silly reify   '/Users/aogengyuan/PycharmProjects/hands_gesture/hands-gesture-web/node_modules/@oxlint/binding-linux-riscv64-gnu'
97 silly reify ]
98 verbose reify failed optional dependency /Users/aogengyuan/PycharmProjects/hands_gesture/hands-gesture-web/node_modules/@oxlint/binding-linux-ppc64-gnu
99 silly reify mark deleted [
99 silly reify   '/Users/aogengyuan/PycharmProjects/hands_gesture/hands-gesture-web/node_modules/@oxlint/binding-linux-ppc64-gnu'
99 silly reify ]
100 verbose reify failed optional dependency /Users/aogengyuan/PycharmProjects/hands_gesture/hands-gesture-web/node_modules/@oxlint/binding-linux-arm64-musl
101 silly reify mark deleted [
101 silly reify   '/Users/aogengyuan/PycharmProjects/hands_gesture/hands-gesture-web/node_modules/@oxlint/binding-linux-arm64-musl'
101 silly reify ]
102 verbose reify failed optional dependency /Users/aogengyuan/PycharmProjects/hands_gesture/hands-gesture-web/node_modules/@oxlint/binding-linux-arm64-gnu
103 silly reify mark deleted [
103 silly reify   '/Users/aogengyuan/PycharmProjects/hands_gesture/hands-gesture-web/node_modules/@oxlint/binding-linux-arm64-gnu'
103 silly reify ]
104 verbose reify failed optional dependency /Users/aogengyuan/PycharmProjects/hands_gesture/hands-gesture-web/node_modules/@oxlint/binding-linux-arm-musleabihf
105 silly reify mark deleted [
105 silly reify   '/Users/aogengyuan/PycharmProjects/hands_gesture/hands-gesture-web/node_modules/@oxlint/binding-linux-arm-musleabihf'
105 silly reify ]
106 verbose reify failed optional dependency /Users/aogengyuan/PycharmProjects/hands_gesture/hands-gesture-web/node_modules/@oxlint/binding-linux-arm-gnueabihf
107 silly reify mark deleted [
107 silly reify   '/Users/aogengyuan/PycharmProjects/hands_gesture/hands-gesture-web/node_modules/@oxlint/binding-linux-arm-gnueabihf'
107 silly reify ]
108 verbose reify failed optional dependency /Users/aogengyuan/PycharmProjects/hands_gesture/hands-gesture-web/node_modules/@oxlint/binding-freebsd-x64
109 silly reify mark deleted [
109 silly reify   '/Users/aogengyuan/PycharmProjects/hands_gesture/hands-gesture-web/node_modules/@oxlint/binding-freebsd-x64'
109 silly reify ]
110 verbose reify failed optional dependency /Users/aogengyuan/PycharmProjects/hands_gesture/hands-gesture-web/node_modules/@oxlint/binding-darwin-x64
111 silly reify mark deleted [
111 silly reify   '/Users/aogengyuan/PycharmProjects/hands_gesture/hands-gesture-web/node_modules/@oxlint/binding-darwin-x64'
111 silly reify ]
112 verbose reify failed optional dependency /Users/aogengyuan/PycharmProjects/hands_gesture/hands-gesture-web/node_modules/@oxlint/binding-darwin-arm64
113 silly reify mark deleted [
113 silly reify   '/Users/aogengyuan/PycharmProjects/hands_gesture/hands-gesture-web/node_modules/@oxlint/binding-darwin-arm64'
113 silly reify ]
114 verbose reify failed optional dependency /Users/aogengyuan/PycharmProjects/hands_gesture/hands-gesture-web/node_modules/@oxlint/binding-android-arm64
115 silly reify mark deleted [
115 silly reify   '/Users/aogengyuan/PycharmProjects/hands_gesture/hands-gesture-web/node_modules/@oxlint/binding-android-arm64'
115 silly reify ]
116 verbose reify failed optional dependency /Users/aogengyuan/PycharmProjects/hands_gesture/hands-gesture-web/node_modules/@oxlint/binding-android-arm-eabi
117 silly reify mark deleted [
117 silly reify   '/Users/aogengyuan/PycharmProjects/hands_gesture/hands-gesture-web/node_modules/@oxlint/binding-android-arm-eabi'
117 silly reify ]
118 silly tarball no local data for @rolldown/binding-darwin-arm64@https://registry.npmjs.org/@rolldown/binding-darwin-arm64/-/binding-darwin-arm64-1.2.6.tgz. Extracting by manifest.
119 http fetch POST 200 https://registry.npmjs.org/-/npm/v1/security/advisories/bulk 1067ms
120 silly audit report {}
121 http fetch GET 200 https://registry.npmjs.org/@rolldown/binding-darwin-arm64/-/binding-darwin-arm64-1.2.6.tgz 4509ms (cache miss)
122 silly ADD node_modules/@rolldown/binding-darwin-arm64
123 silly ADD
124 silly ADD
125 silly ADD
126 silly ADD
127 silly ADD
128 silly ADD
129 silly ADD
130 silly ADD
131 silly ADD
132 silly ADD
133 silly ADD
134 silly ADD
135 silly ADD
136 silly ADD
137 silly ADD
138 silly ADD
139 silly ADD
140 silly ADD
141 silly ADD
142 silly ADD
143 silly ADD
144 silly ADD
145 silly ADD
146 silly ADD
147 silly ADD
148 silly ADD
149 silly ADD
150 silly ADD
151 silly ADD
152 silly ADD
153 silly ADD
154 silly ADD
155 silly ADD
156 silly ADD
157 silly ADD
158 silly ADD
159 silly ADD
160 silly ADD
161 silly ADD
162 silly ADD
163 silly ADD
164 silly ADD
165 silly ADD
166 verbose cwd /Users/aogengyuan/PycharmProjects/hands_gesture/hands-gesture-web
167 verbose os Darwin 23.6.0
168 verbose node v22.8.0
169 verbose npm  v10.8.2
170 verbose exit 0
171 info ok
