0 verbose cli /Users/aogengyuan/.nvm/versions/node/v22.8.0/bin/node /Users/aogengyuan/.nvm/versions/node/v22.8.0/bin/npm
1 info using npm@10.8.2
2 info using node@v22.8.0
3 silly config load:file:/Users/aogengyuan/.nvm/versions/node/v22.8.0/lib/node_modules/npm/npmrc
4 silly config load:file:/Users/aogengyuan/PycharmProjects/hands_gesture/hands-gesture-web/.npmrc
5 silly config load:file:/Users/aogengyuan/.npmrc
6 silly config load:file:/Users/aogengyuan/.nvm/versions/node/v22.8.0/etc/npmrc
7 verbose title npm install
8 verbose argv "install"
9 verbose logfile logs-max:10 dir:/Users/aogengyuan/PycharmProjects/hands_gesture/.npm-cache/_logs/2026-09-02T12_27_40_594Z-
10 verbose logfile /Users/aogengyuan/PycharmProjects/hands_gesture/.npm-cache/_logs/2026-09-02T12_27_40_594Z-debug-0.log
11 silly packumentCache heap:2197815296 maxSize:549453824 maxEntrySize:274726912
12 silly logfile done cleaning log files
13 silly idealTree buildDeps
14 silly fetch manifest react@^19.2.8
15 silly packumentCache full:https://registry.npmjs.org/react cache-miss
16 http fetch GET 200 https://registry.npmjs.org/react 8632ms (cache miss)
17 silly packumentCache full:https://registry.npmjs.org/react set size:undefined disposed:false
18 silly fetch manifest react-dom@^19.2.8
19 silly packumentCache full:https://registry.npmjs.org/react-dom cache-miss
20 http fetch GET 200 https://registry.npmjs.org/react-dom 8788ms (cache miss)
21 silly packumentCache full:https://registry.npmjs.org/react-dom set size:undefined disposed:false
22 silly fetch manifest @types/node@^24.13.3
23 silly packumentCache full:https://registry.npmjs.org/@types%2fnode cache-miss
24 http fetch GET 200 https://registry.npmjs.org/@types%2fnode 10486ms (cache miss)
25 silly packumentCache full:https://registry.npmjs.org/@types%2fnode set size:undefined disposed:false
26 silly fetch manifest @types/react@^19.2.18
27 silly packumentCache full:https://registry.npmjs.org/@types%2freact cache-miss
28 http fetch GET 200 https://registry.npmjs.org/@types%2freact 5480ms (cache miss)
29 silly packumentCache full:https://registry.npmjs.org/@types%2freact set size:undefined disposed:false
30 silly fetch manifest @types/react-dom@^19.2.4
31 silly packumentCache full:https://registry.npmjs.org/@types%2freact-dom cache-miss
32 http fetch GET 200 https://registry.npmjs.org/@types%2freact-dom 1430ms (cache miss)
33 silly packumentCache full:https://registry.npmjs.org/@types%2freact-dom set size:undefined disposed:false
34 silly fetch manifest @vitejs/plugin-react@^6.1.0
35 silly packumentCache full:https://registry.npmjs.org/@vitejs%2fplugin-react cache-miss
36 http fetch GET 200 https://registry.npmjs.org/@vitejs%2fplugin-react 878ms (cache miss)
37 silly packumentCache full:https://registry.npmjs.org/@vitejs%2fplugin-react set size:undefined disposed:false
38 silly fetch manifest @rolldown/plugin-babel@^0.1.7 || ^0.2.0
39 silly packumentCache full:https://registry.npmjs.org/@rolldown%2fplugin-babel cache-miss
40 http fetch GET 200 https://registry.npmjs.org/@rolldown%2fplugin-babel 304ms (cache miss)
41 silly packumentCache full:https://registry.npmjs.org/@rolldown%2fplugin-babel set size:undefined disposed:false
42 silly fetch manifest @babel/core@^7.29.0 || ^8.0.0-rc.1
43 silly packumentCache full:https://registry.npmjs.org/@babel%2fcore cache-miss
44 http fetch GET 200 https://registry.npmjs.org/@babel%2fcore 2160ms (cache miss)
45 silly packumentCache full:https://registry.npmjs.org/@babel%2fcore set size:undefined disposed:false
46 silly fetch manifest @babel/plugin-transform-runtime@^7.29.0 || ^8.0.0-rc.1
47 silly packumentCache full:https://registry.npmjs.org/@babel%2fplugin-transform-runtime cache-miss
48 http fetch GET 200 https://registry.npmjs.org/@babel%2fplugin-transform-runtime 1458ms (cache miss)
49 silly packumentCache full:https://registry.npmjs.org/@babel%2fplugin-transform-runtime set size:undefined disposed:false
50 silly fetch manifest @babel/runtime@^7.27.0 || ^8.0.0-rc.1
51 silly packumentCache full:https://registry.npmjs.org/@babel%2fruntime cache-miss
52 http fetch GET 200 https://registry.npmjs.org/@babel%2fruntime 2318ms (cache miss)
53 silly packumentCache full:https://registry.npmjs.org/@babel%2fruntime set size:undefined disposed:false
54 silly fetch manifest rolldown@^1.0.0-rc.5
55 silly packumentCache full:https://registry.npmjs.org/rolldown cache-miss
56 http fetch GET 200 https://registry.npmjs.org/rolldown 2873ms (cache miss)
57 silly packumentCache full:https://registry.npmjs.org/rolldown set size:undefined disposed:false
58 silly fetch manifest vite@^8.2.2
59 silly packumentCache full:https://registry.npmjs.org/vite cache-miss
60 http fetch GET 200 https://registry.npmjs.org/vite 40496ms (cache miss)
61 silly packumentCache full:https://registry.npmjs.org/vite set size:undefined disposed:false
62 silly fetch manifest @vitejs/devtools@^0.4.0 || ^0.5.0
63 silly packumentCache full:https://registry.npmjs.org/@vitejs%2fdevtools cache-miss
64 http fetch GET 200 https://registry.npmjs.org/@vitejs%2fdevtools 720ms (cache miss)
65 silly packumentCache full:https://registry.npmjs.org/@vitejs%2fdevtools set size:undefined disposed:false
66 silly fetch manifest @vitejs/devtools-oxc@^0.5.2
67 silly packumentCache full:https://registry.npmjs.org/@vitejs%2fdevtools-oxc cache-miss
68 http fetch GET 200 https://registry.npmjs.org/@vitejs%2fdevtools-oxc 1832ms (cache miss)
69 silly packumentCache full:https://registry.npmjs.org/@vitejs%2fdevtools-oxc set size:undefined disposed:false
70 silly fetch manifest @vitejs/devtools-rolldown@^0.5.2
71 silly packumentCache full:https://registry.npmjs.org/@vitejs%2fdevtools-rolldown cache-miss
72 http fetch GET 200 https://registry.npmjs.org/@vitejs%2fdevtools-rolldown 517ms (cache miss)
73 silly packumentCache full:https://registry.npmjs.org/@vitejs%2fdevtools-rolldown set size:undefined disposed:false
74 silly fetch manifest @vitejs/devtools-vite@^0.5.2
75 silly packumentCache full:https://registry.npmjs.org/@vitejs%2fdevtools-vite cache-miss
76 http fetch GET 200 https://registry.npmjs.org/@vitejs%2fdevtools-vite 590ms (cache miss)
77 silly packumentCache full:https://registry.npmjs.org/@vitejs%2fdevtools-vite set size:undefined disposed:false
78 silly fetch manifest @vitejs/devtools-vitest@^0.5.2
79 silly packumentCache full:https://registry.npmjs.org/@vitejs%2fdevtools-vitest cache-miss
80 http fetch GET 200 https://registry.npmjs.org/@vitejs%2fdevtools-vitest 605ms (cache miss)
81 silly packumentCache full:https://registry.npmjs.org/@vitejs%2fdevtools-vitest set size:undefined disposed:false
82 silly fetch manifest vitest@*
83 silly packumentCache full:https://registry.npmjs.org/vitest cache-miss
84 http fetch GET 200 https://registry.npmjs.org/vitest 3636ms (cache miss)
85 silly packumentCache full:https://registry.npmjs.org/vitest set size:undefined disposed:false
86 silly fetch manifest @edge-runtime/vm@*
87 silly packumentCache full:https://registry.npmjs.org/@edge-runtime%2fvm cache-miss
88 http fetch GET 200 https://registry.npmjs.org/@edge-runtime%2fvm 1240ms (cache miss)
89 silly packumentCache full:https://registry.npmjs.org/@edge-runtime%2fvm set size:undefined disposed:false
90 silly fetch manifest @opentelemetry/api@^1.9.0
91 silly packumentCache full:https://registry.npmjs.org/@opentelemetry%2fapi cache-miss
92 http fetch GET 200 https://registry.npmjs.org/@opentelemetry%2fapi 1002ms (cache miss)
93 silly packumentCache full:https://registry.npmjs.org/@opentelemetry%2fapi set size:undefined disposed:false
94 silly fetch manifest @vitest/browser-playwright@4.1.11
95 silly packumentCache full:https://registry.npmjs.org/@vitest%2fbrowser-playwright cache-miss
96 http fetch GET 200 https://registry.npmjs.org/@vitest%2fbrowser-playwright 863ms (cache miss)
97 silly packumentCache full:https://registry.npmjs.org/@vitest%2fbrowser-playwright set size:undefined disposed:false
98 silly fetch manifest playwright@*
99 silly packumentCache full:https://registry.npmjs.org/playwright cache-miss
100 http fetch GET 200 https://registry.npmjs.org/playwright 31914ms (cache miss)
101 silly packumentCache full:https://registry.npmjs.org/playwright set size:undefined disposed:false
102 silly fetch manifest @vitest/browser-preview@4.1.11
103 silly packumentCache full:https://registry.npmjs.org/@vitest%2fbrowser-preview cache-miss
104 http fetch GET 200 https://registry.npmjs.org/@vitest%2fbrowser-preview 692ms (cache miss)
105 silly packumentCache full:https://registry.npmjs.org/@vitest%2fbrowser-preview set size:undefined disposed:false
106 silly fetch manifest @vitest/browser-webdriverio@4.1.11
107 silly packumentCache full:https://registry.npmjs.org/@vitest%2fbrowser-webdriverio cache-miss
108 http fetch GET 200 https://registry.npmjs.org/@vitest%2fbrowser-webdriverio 728ms (cache miss)
109 silly packumentCache full:https://registry.npmjs.org/@vitest%2fbrowser-webdriverio set size:undefined disposed:false
110 silly fetch manifest webdriverio@*
111 silly packumentCache full:https://registry.npmjs.org/webdriverio cache-miss
112 http fetch GET 200 https://registry.npmjs.org/webdriverio 5012ms (cache miss)
113 silly packumentCache full:https://registry.npmjs.org/webdriverio set size:undefined disposed:false
114 silly fetch manifest puppeteer-core@>=22.x <=24.x
115 silly packumentCache full:https://registry.npmjs.org/puppeteer-core cache-miss
116 http fetch GET 200 https://registry.npmjs.org/puppeteer-core 2594ms (cache miss)
117 silly packumentCache full:https://registry.npmjs.org/puppeteer-core set size:undefined disposed:false
118 silly fetch manifest @vitest/coverage-istanbul@4.1.11
119 silly packumentCache full:https://registry.npmjs.org/@vitest%2fcoverage-istanbul cache-miss
120 http fetch GET 200 https://registry.npmjs.org/@vitest%2fcoverage-istanbul 1954ms (cache miss)
121 silly packumentCache full:https://registry.npmjs.org/@vitest%2fcoverage-istanbul set size:undefined disposed:false
122 silly fetch manifest @vitest/coverage-v8@4.1.11
123 silly packumentCache full:https://registry.npmjs.org/@vitest%2fcoverage-v8 cache-miss
124 http fetch GET 200 https://registry.npmjs.org/@vitest%2fcoverage-v8 1737ms (cache miss)
125 silly packumentCache full:https://registry.npmjs.org/@vitest%2fcoverage-v8 set size:undefined disposed:false
126 silly fetch manifest @vitest/browser@4.1.11
127 silly packumentCache full:https://registry.npmjs.org/@vitest%2fbrowser cache-miss
128 http fetch GET 200 https://registry.npmjs.org/@vitest%2fbrowser 1629ms (cache miss)
129 silly packumentCache full:https://registry.npmjs.org/@vitest%2fbrowser set size:undefined disposed:false
130 silly fetch manifest @vitest/ui@4.1.11
131 silly packumentCache full:https://registry.npmjs.org/@vitest%2fui cache-miss
132 http fetch GET 200 https://registry.npmjs.org/@vitest%2fui 2784ms (cache miss)
133 silly packumentCache full:https://registry.npmjs.org/@vitest%2fui set size:undefined disposed:false
134 silly fetch manifest happy-dom@*
135 silly packumentCache full:https://registry.npmjs.org/happy-dom cache-miss
136 http fetch GET 200 https://registry.npmjs.org/happy-dom 4784ms (cache miss)
137 silly packumentCache full:https://registry.npmjs.org/happy-dom set size:undefined disposed:false
138 silly fetch manifest jsdom@*
139 silly packumentCache full:https://registry.npmjs.org/jsdom cache-miss
140 http fetch GET 200 https://registry.npmjs.org/jsdom 1777ms (cache miss)
141 silly packumentCache full:https://registry.npmjs.org/jsdom set size:undefined disposed:false
142 silly fetch manifest canvas@^3.0.0
143 silly packumentCache full:https://registry.npmjs.org/canvas cache-miss
144 http fetch GET 200 https://registry.npmjs.org/canvas 1236ms (cache miss)
145 silly packumentCache full:https://registry.npmjs.org/canvas set size:undefined disposed:false
146 silly fetch manifest esbuild@^0.27.0 || ^0.28.0
147 silly packumentCache full:https://registry.npmjs.org/esbuild cache-miss
148 http fetch GET 200 https://registry.npmjs.org/esbuild 3814ms (cache miss)
149 silly packumentCache full:https://registry.npmjs.org/esbuild set size:undefined disposed:false
150 silly fetch manifest jiti@>=1.21.0
151 silly packumentCache full:https://registry.npmjs.org/jiti cache-miss
152 http fetch GET 200 https://registry.npmjs.org/jiti 1830ms (cache miss)
153 silly packumentCache full:https://registry.npmjs.org/jiti set size:undefined disposed:false
154 silly fetch manifest less@^4.0.0
155 silly packumentCache full:https://registry.npmjs.org/less cache-miss
156 http fetch GET 200 https://registry.npmjs.org/less 1144ms (cache miss)
157 silly packumentCache full:https://registry.npmjs.org/less set size:undefined disposed:false
158 silly fetch manifest sass@^1.70.0
159 silly packumentCache full:https://registry.npmjs.org/sass cache-miss
160 http fetch GET 200 https://registry.npmjs.org/sass 3133ms (cache miss)
161 silly packumentCache full:https://registry.npmjs.org/sass set size:undefined disposed:false
162 silly fetch manifest sass-embedded@^1.70.0
163 silly packumentCache full:https://registry.npmjs.org/sass-embedded cache-miss
164 http fetch GET 200 https://registry.npmjs.org/sass-embedded 1291ms (cache miss)
165 silly packumentCache full:https://registry.npmjs.org/sass-embedded set size:undefined disposed:false
166 silly fetch manifest stylus@>=0.54.8
167 silly packumentCache full:https://registry.npmjs.org/stylus cache-miss
168 http fetch GET 200 https://registry.npmjs.org/stylus 1034ms (cache miss)
169 silly packumentCache full:https://registry.npmjs.org/stylus set size:undefined disposed:false
170 silly fetch manifest sugarss@^5.0.0
171 silly packumentCache full:https://registry.npmjs.org/sugarss cache-miss
172 http fetch GET 200 https://registry.npmjs.org/sugarss 325ms (cache miss)
173 silly packumentCache full:https://registry.npmjs.org/sugarss set size:undefined disposed:false
174 silly fetch manifest postcss@^8.3.3
175 silly packumentCache full:https://registry.npmjs.org/postcss cache-miss
176 http fetch GET 200 https://registry.npmjs.org/postcss 1514ms (cache miss)
177 silly packumentCache full:https://registry.npmjs.org/postcss set size:undefined disposed:false
178 silly fetch manifest terser@^5.16.0
179 silly packumentCache full:https://registry.npmjs.org/terser cache-miss
180 http fetch GET 200 https://registry.npmjs.org/terser 1869ms (cache miss)
181 silly packumentCache full:https://registry.npmjs.org/terser set size:undefined disposed:false
182 silly fetch manifest tsx@^4.8.1
183 silly packumentCache full:https://registry.npmjs.org/tsx cache-miss
184 http fetch GET 200 https://registry.npmjs.org/tsx 1600ms (cache miss)
185 silly packumentCache full:https://registry.npmjs.org/tsx set size:undefined disposed:false
186 silly fetch manifest yaml@^2.4.2
187 silly packumentCache full:https://registry.npmjs.org/yaml cache-miss
188 http fetch GET 200 https://registry.npmjs.org/yaml 1439ms (cache miss)
189 silly packumentCache full:https://registry.npmjs.org/yaml set size:undefined disposed:false
190 silly fetch manifest babel-plugin-react-compiler@^1.0.0
191 silly packumentCache full:https://registry.npmjs.org/babel-plugin-react-compiler cache-miss
192 http fetch GET 200 https://registry.npmjs.org/babel-plugin-react-compiler 1294ms (cache miss)
193 silly packumentCache full:https://registry.npmjs.org/babel-plugin-react-compiler set size:undefined disposed:false
194 silly fetch manifest oxc-transform-react@^0.145.0
195 silly packumentCache full:https://registry.npmjs.org/oxc-transform-react cache-miss
196 http fetch GET 200 https://registry.npmjs.org/oxc-transform-react 520ms (cache miss)
197 silly packumentCache full:https://registry.npmjs.org/oxc-transform-react set size:undefined disposed:false
198 silly fetch manifest oxlint@^1.79.0
199 silly packumentCache full:https://registry.npmjs.org/oxlint cache-miss
200 http fetch GET 200 https://registry.npmjs.org/oxlint 1073ms (cache miss)
201 silly packumentCache full:https://registry.npmjs.org/oxlint set size:undefined disposed:false
202 silly fetch manifest oxlint-tsgolint@>=7.0.2001
203 silly packumentCache full:https://registry.npmjs.org/oxlint-tsgolint cache-miss
204 http fetch GET 200 https://registry.npmjs.org/oxlint-tsgolint 1073ms (cache miss)
205 silly packumentCache full:https://registry.npmjs.org/oxlint-tsgolint set size:undefined disposed:false
206 silly fetch manifest vite-plus@*
207 silly packumentCache full:https://registry.npmjs.org/vite-plus cache-miss
208 http fetch GET 200 https://registry.npmjs.org/vite-plus 889ms (cache miss)
209 silly packumentCache full:https://registry.npmjs.org/vite-plus set size:undefined disposed:false
210 silly fetch manifest typescript@~6.0.2
211 silly packumentCache full:https://registry.npmjs.org/typescript cache-miss
212 http fetch GET 200 https://registry.npmjs.org/typescript 19178ms (cache miss)
213 silly packumentCache full:https://registry.npmjs.org/typescript set size:undefined disposed:false
214 silly placeDep ROOT @types/node@24.13.3 OK for: hands-gesture-web@0.0.0 want: ^24.13.3
215 silly placeDep ROOT @types/react@19.2.18 OK for: hands-gesture-web@0.0.0 want: ^19.2.18
216 silly placeDep ROOT @types/react-dom@19.2.5 OK for: hands-gesture-web@0.0.0 want: ^19.2.4
217 silly placeDep ROOT @vitejs/plugin-react@6.1.1 OK for: hands-gesture-web@0.0.0 want: ^6.1.0
218 silly placeDep ROOT vite@8.2.2 OK for: @vitejs/plugin-react@6.1.1 want: ^8.0.0
219 silly placeDep ROOT oxlint@1.81.0 OK for: hands-gesture-web@0.0.0 want: ^1.79.0
220 silly placeDep ROOT react@19.2.8 OK for: hands-gesture-web@0.0.0 want: ^19.2.8
221 silly placeDep ROOT react-dom@19.2.8 OK for: hands-gesture-web@0.0.0 want: ^19.2.8
222 silly placeDep ROOT typescript@6.0.3 OK for: hands-gesture-web@0.0.0 want: ~6.0.2
223 silly fetch manifest undici-types@~7.18.0
224 silly packumentCache full:https://registry.npmjs.org/undici-types cache-miss
225 silly fetch manifest csstype@^3.2.2
226 silly packumentCache full:https://registry.npmjs.org/csstype cache-miss
227 silly fetch manifest @rolldown/pluginutils@^1.0.1
228 silly packumentCache full:https://registry.npmjs.org/@rolldown%2fpluginutils cache-miss
229 silly fetch manifest postcss@^8.5.26
230 silly packumentCache full:https://registry.npmjs.org/postcss cache-miss
231 silly fetch manifest rolldown@~1.2.4
232 silly packumentCache full:https://registry.npmjs.org/rolldown cache-miss
233 silly fetch manifest picomatch@^4.0.5
234 silly packumentCache full:https://registry.npmjs.org/picomatch cache-miss
235 silly fetch manifest tinyglobby@^0.2.17
236 silly packumentCache full:https://registry.npmjs.org/tinyglobby cache-miss
237 http fetch GET 200 https://registry.npmjs.org/postcss 13ms (cache hit)
238 silly packumentCache full:https://registry.npmjs.org/postcss set size:760024 disposed:false
239 silly fetch manifest lightningcss@^1.33.0
240 silly packumentCache full:https://registry.npmjs.org/lightningcss cache-miss
241 http fetch GET 200 https://registry.npmjs.org/rolldown 23ms (cache hit)
242 silly packumentCache full:https://registry.npmjs.org/rolldown set size:3801673 disposed:false
243 silly fetch manifest fsevents@~2.3.3
244 silly packumentCache full:https://registry.npmjs.org/fsevents cache-miss
245 http fetch GET 200 https://registry.npmjs.org/undici-types 789ms (cache miss)
246 silly packumentCache full:https://registry.npmjs.org/undici-types set size:undefined disposed:false
247 silly fetch manifest @oxlint/binding-darwin-x64@1.81.0
248 silly packumentCache full:https://registry.npmjs.org/@oxlint%2fbinding-darwin-x64 cache-miss
249 http fetch GET 200 https://registry.npmjs.org/tinyglobby 923ms (cache miss)
250 silly packumentCache full:https://registry.npmjs.org/tinyglobby set size:undefined disposed:false
251 silly fetch manifest @oxlint/binding-freebsd-x64@1.81.0
252 silly packumentCache full:https://registry.npmjs.org/@oxlint%2fbinding-freebsd-x64 cache-miss
253 http fetch GET 200 https://registry.npmjs.org/picomatch 940ms (cache miss)
254 silly packumentCache full:https://registry.npmjs.org/picomatch set size:undefined disposed:false
255 silly fetch manifest @oxlint/binding-darwin-arm64@1.81.0
256 silly packumentCache full:https://registry.npmjs.org/@oxlint%2fbinding-darwin-arm64 cache-miss
257 http fetch GET 200 https://registry.npmjs.org/@rolldown%2fpluginutils 992ms (cache miss)
258 silly packumentCache full:https://registry.npmjs.org/@rolldown%2fpluginutils set size:undefined disposed:false
259 silly fetch manifest @oxlint/binding-android-arm64@1.81.0
260 silly packumentCache full:https://registry.npmjs.org/@oxlint%2fbinding-android-arm64 cache-miss
261 http fetch GET 200 https://registry.npmjs.org/lightningcss 1067ms (cache miss)
262 silly packumentCache full:https://registry.npmjs.org/lightningcss set size:undefined disposed:false
263 silly fetch manifest @oxlint/binding-linux-x64-gnu@1.81.0
264 silly packumentCache full:https://registry.npmjs.org/@oxlint%2fbinding-linux-x64-gnu cache-miss
265 http fetch GET 200 https://registry.npmjs.org/@oxlint%2fbinding-darwin-x64 367ms (cache miss)
266 silly packumentCache full:https://registry.npmjs.org/@oxlint%2fbinding-darwin-x64 set size:undefined disposed:false
267 silly fetch manifest @oxlint/binding-linux-x64-musl@1.81.0
268 silly packumentCache full:https://registry.npmjs.org/@oxlint%2fbinding-linux-x64-musl cache-miss
269 http fetch GET 200 https://registry.npmjs.org/csstype 1166ms (cache miss)
270 silly packumentCache full:https://registry.npmjs.org/csstype set size:undefined disposed:false
271 silly fetch manifest @oxlint/binding-win32-x64-msvc@1.81.0
272 silly packumentCache full:https://registry.npmjs.org/@oxlint%2fbinding-win32-x64-msvc cache-miss
273 http fetch GET 200 https://registry.npmjs.org/@oxlint%2fbinding-freebsd-x64 293ms (cache miss)
274 silly packumentCache full:https://registry.npmjs.org/@oxlint%2fbinding-freebsd-x64 set size:undefined disposed:false
275 silly fetch manifest @oxlint/binding-linux-arm64-gnu@1.81.0
276 silly packumentCache full:https://registry.npmjs.org/@oxlint%2fbinding-linux-arm64-gnu cache-miss
277 http fetch GET 200 https://registry.npmjs.org/@oxlint%2fbinding-win32-x64-msvc 245ms (cache miss)
278 silly packumentCache full:https://registry.npmjs.org/@oxlint%2fbinding-win32-x64-msvc set size:undefined disposed:false
279 silly fetch manifest @oxlint/binding-linux-ppc64-gnu@1.81.0
280 silly packumentCache full:https://registry.npmjs.org/@oxlint%2fbinding-linux-ppc64-gnu cache-miss
281 http fetch GET 200 https://registry.npmjs.org/@oxlint%2fbinding-linux-arm64-gnu 273ms (cache miss)
282 silly packumentCache full:https://registry.npmjs.org/@oxlint%2fbinding-linux-arm64-gnu set size:undefined disposed:false
283 silly fetch manifest @oxlint/binding-linux-s390x-gnu@1.81.0
284 silly packumentCache full:https://registry.npmjs.org/@oxlint%2fbinding-linux-s390x-gnu cache-miss
285 http fetch GET 200 https://registry.npmjs.org/@oxlint%2fbinding-darwin-arm64 561ms (cache miss)
286 silly packumentCache full:https://registry.npmjs.org/@oxlint%2fbinding-darwin-arm64 set size:undefined disposed:false
287 silly fetch manifest @oxlint/binding-win32-ia32-msvc@1.81.0
288 silly packumentCache full:https://registry.npmjs.org/@oxlint%2fbinding-win32-ia32-msvc cache-miss
289 http fetch GET 200 https://registry.npmjs.org/@oxlint%2fbinding-linux-x64-gnu 497ms (cache miss)
290 silly packumentCache full:https://registry.npmjs.org/@oxlint%2fbinding-linux-x64-gnu set size:undefined disposed:false
291 silly fetch manifest @oxlint/binding-android-arm-eabi@1.81.0
292 silly packumentCache full:https://registry.npmjs.org/@oxlint%2fbinding-android-arm-eabi cache-miss
293 http fetch GET 200 https://registry.npmjs.org/fsevents 1641ms (cache miss)
294 silly packumentCache full:https://registry.npmjs.org/fsevents set size:undefined disposed:false
295 silly fetch manifest @oxlint/binding-linux-arm64-musl@1.81.0
296 silly packumentCache full:https://registry.npmjs.org/@oxlint%2fbinding-linux-arm64-musl cache-miss
297 http fetch GET 200 https://registry.npmjs.org/@oxlint%2fbinding-android-arm64 751ms (cache miss)
298 silly packumentCache full:https://registry.npmjs.org/@oxlint%2fbinding-android-arm64 set size:undefined disposed:false
299 silly fetch manifest @oxlint/binding-win32-arm64-msvc@1.81.0
300 silly packumentCache full:https://registry.npmjs.org/@oxlint%2fbinding-win32-arm64-msvc cache-miss
301 http fetch GET 200 https://registry.npmjs.org/@oxlint%2fbinding-linux-s390x-gnu 275ms (cache miss)
302 silly packumentCache full:https://registry.npmjs.org/@oxlint%2fbinding-linux-s390x-gnu set size:undefined disposed:false
303 silly fetch manifest @oxlint/binding-linux-riscv64-gnu@1.81.0
304 silly packumentCache full:https://registry.npmjs.org/@oxlint%2fbinding-linux-riscv64-gnu cache-miss
305 http fetch GET 200 https://registry.npmjs.org/@oxlint%2fbinding-linux-x64-musl 673ms (cache miss)
306 silly packumentCache full:https://registry.npmjs.org/@oxlint%2fbinding-linux-x64-musl set size:undefined disposed:false
307 silly fetch manifest @oxlint/binding-openharmony-arm64@1.81.0
308 silly packumentCache full:https://registry.npmjs.org/@oxlint%2fbinding-openharmony-arm64 cache-miss
309 http fetch GET 200 https://registry.npmjs.org/@oxlint%2fbinding-linux-ppc64-gnu 494ms (cache miss)
310 silly packumentCache full:https://registry.npmjs.org/@oxlint%2fbinding-linux-ppc64-gnu set size:undefined disposed:false
311 silly fetch manifest @oxlint/binding-linux-riscv64-musl@1.81.0
312 silly packumentCache full:https://registry.npmjs.org/@oxlint%2fbinding-linux-riscv64-musl cache-miss
313 http fetch GET 200 https://registry.npmjs.org/@oxlint%2fbinding-linux-arm64-musl 265ms (cache miss)
314 silly packumentCache full:https://registry.npmjs.org/@oxlint%2fbinding-linux-arm64-musl set size:undefined disposed:false
315 silly fetch manifest @oxlint/binding-linux-arm-gnueabihf@1.81.0
316 silly packumentCache full:https://registry.npmjs.org/@oxlint%2fbinding-linux-arm-gnueabihf cache-miss
317 http fetch GET 200 https://registry.npmjs.org/@oxlint%2fbinding-win32-ia32-msvc 524ms (cache miss)
318 silly packumentCache full:https://registry.npmjs.org/@oxlint%2fbinding-win32-ia32-msvc set size:undefined disposed:false
319 silly fetch manifest @oxlint/binding-linux-arm-musleabihf@1.81.0
320 silly packumentCache full:https://registry.npmjs.org/@oxlint%2fbinding-linux-arm-musleabihf cache-miss
321 http fetch GET 200 https://registry.npmjs.org/@oxlint%2fbinding-win32-arm64-msvc 417ms (cache miss)
322 silly packumentCache full:https://registry.npmjs.org/@oxlint%2fbinding-win32-arm64-msvc set size:undefined disposed:false
323 silly fetch manifest scheduler@^0.27.0
324 silly packumentCache full:https://registry.npmjs.org/scheduler cache-miss
325 http fetch GET 200 https://registry.npmjs.org/@oxlint%2fbinding-linux-riscv64-gnu 536ms (cache miss)
326 silly packumentCache full:https://registry.npmjs.org/@oxlint%2fbinding-linux-riscv64-gnu set size:undefined disposed:false
327 http fetch GET 200 https://registry.npmjs.org/@oxlint%2fbinding-android-arm-eabi 760ms (cache miss)
328 silly packumentCache full:https://registry.npmjs.org/@oxlint%2fbinding-android-arm-eabi set size:undefined disposed:false
329 http fetch GET 200 https://registry.npmjs.org/@oxlint%2fbinding-openharmony-arm64 584ms (cache miss)
330 silly packumentCache full:https://registry.npmjs.org/@oxlint%2fbinding-openharmony-arm64 set size:undefined disposed:false
331 http fetch GET 200 https://registry.npmjs.org/@oxlint%2fbinding-linux-arm-musleabihf 524ms (cache miss)
332 silly packumentCache full:https://registry.npmjs.org/@oxlint%2fbinding-linux-arm-musleabihf set size:undefined disposed:false
333 http fetch GET 200 https://registry.npmjs.org/@oxlint%2fbinding-linux-riscv64-musl 914ms (cache miss)
334 silly packumentCache full:https://registry.npmjs.org/@oxlint%2fbinding-linux-riscv64-musl set size:undefined disposed:false
335 http fetch GET 200 https://registry.npmjs.org/@oxlint%2fbinding-linux-arm-gnueabihf 1033ms (cache miss)
336 silly packumentCache full:https://registry.npmjs.org/@oxlint%2fbinding-linux-arm-gnueabihf set size:undefined disposed:false
337 http fetch GET 200 https://registry.npmjs.org/scheduler 2024ms (cache miss)
338 silly packumentCache full:https://registry.npmjs.org/scheduler set size:undefined disposed:false
339 silly placeDep ROOT undici-types@7.18.2 OK for: @types/node@24.13.3 want: ~7.18.0
340 silly placeDep ROOT csstype@3.2.3 OK for: @types/react@19.2.18 want: ^3.2.2
341 silly placeDep ROOT @rolldown/pluginutils@1.0.1 OK for: @vitejs/plugin-react@6.1.1 want: ^1.0.1
342 silly placeDep ROOT @oxlint/binding-android-arm-eabi@1.81.0 OK for: oxlint@1.81.0 want: 1.81.0
343 silly placeDep ROOT @oxlint/binding-android-arm64@1.81.0 OK for: oxlint@1.81.0 want: 1.81.0
344 silly placeDep ROOT @oxlint/binding-darwin-arm64@1.81.0 OK for: oxlint@1.81.0 want: 1.81.0
345 silly placeDep ROOT @oxlint/binding-darwin-x64@1.81.0 OK for: oxlint@1.81.0 want: 1.81.0
346 silly placeDep ROOT @oxlint/binding-freebsd-x64@1.81.0 OK for: oxlint@1.81.0 want: 1.81.0
347 silly placeDep ROOT @oxlint/binding-linux-arm-gnueabihf@1.81.0 OK for: oxlint@1.81.0 want: 1.81.0
348 silly placeDep ROOT @oxlint/binding-linux-arm-musleabihf@1.81.0 OK for: oxlint@1.81.0 want: 1.81.0
349 silly placeDep ROOT @oxlint/binding-linux-arm64-gnu@1.81.0 OK for: oxlint@1.81.0 want: 1.81.0
350 silly placeDep ROOT @oxlint/binding-linux-arm64-musl@1.81.0 OK for: oxlint@1.81.0 want: 1.81.0
351 silly placeDep ROOT @oxlint/binding-linux-ppc64-gnu@1.81.0 OK for: oxlint@1.81.0 want: 1.81.0
352 silly placeDep ROOT @oxlint/binding-linux-riscv64-gnu@1.81.0 OK for: oxlint@1.81.0 want: 1.81.0
353 silly placeDep ROOT @oxlint/binding-linux-riscv64-musl@1.81.0 OK for: oxlint@1.81.0 want: 1.81.0
354 silly placeDep ROOT @oxlint/binding-linux-s390x-gnu@1.81.0 OK for: oxlint@1.81.0 want: 1.81.0
355 silly placeDep ROOT @oxlint/binding-linux-x64-gnu@1.81.0 OK for: oxlint@1.81.0 want: 1.81.0
356 silly placeDep ROOT @oxlint/binding-linux-x64-musl@1.81.0 OK for: oxlint@1.81.0 want: 1.81.0
357 silly placeDep ROOT @oxlint/binding-openharmony-arm64@1.81.0 OK for: oxlint@1.81.0 want: 1.81.0
358 silly placeDep ROOT @oxlint/binding-win32-arm64-msvc@1.81.0 OK for: oxlint@1.81.0 want: 1.81.0
359 silly placeDep ROOT @oxlint/binding-win32-ia32-msvc@1.81.0 OK for: oxlint@1.81.0 want: 1.81.0
360 silly placeDep ROOT @oxlint/binding-win32-x64-msvc@1.81.0 OK for: oxlint@1.81.0 want: 1.81.0
361 silly placeDep ROOT scheduler@0.27.0 OK for: react-dom@19.2.8 want: ^0.27.0
362 silly placeDep ROOT fsevents@2.3.3 OK for: vite@8.2.2 want: ~2.3.3
363 silly placeDep ROOT lightningcss@1.33.0 OK for: vite@8.2.2 want: ^1.33.0
364 silly placeDep ROOT picomatch@4.0.7 OK for: vite@8.2.2 want: ^4.0.5
365 silly placeDep ROOT postcss@8.5.26 OK for: vite@8.2.2 want: ^8.5.26
366 silly placeDep ROOT rolldown@1.2.6 OK for: vite@8.2.2 want: ~1.2.4
367 silly placeDep ROOT tinyglobby@0.2.17 OK for: vite@8.2.2 want: ^0.2.17
368 silly fetch manifest detect-libc@^2.0.3
369 silly packumentCache full:https://registry.npmjs.org/detect-libc cache-miss
370 silly fetch manifest lightningcss-darwin-x64@1.33.0
371 silly packumentCache full:https://registry.npmjs.org/lightningcss-darwin-x64 cache-miss
372 silly fetch manifest lightningcss-linux-x64-gnu@1.33.0
373 silly packumentCache full:https://registry.npmjs.org/lightningcss-linux-x64-gnu cache-miss
374 silly fetch manifest lightningcss-win32-x64-msvc@1.33.0
375 silly packumentCache full:https://registry.npmjs.org/lightningcss-win32-x64-msvc cache-miss
376 silly fetch manifest lightningcss-win32-arm64-msvc@1.33.0
377 silly packumentCache full:https://registry.npmjs.org/lightningcss-win32-arm64-msvc cache-miss
378 silly fetch manifest lightningcss-darwin-arm64@1.33.0
379 silly packumentCache full:https://registry.npmjs.org/lightningcss-darwin-arm64 cache-miss
380 silly fetch manifest lightningcss-linux-arm64-gnu@1.33.0
381 silly packumentCache full:https://registry.npmjs.org/lightningcss-linux-arm64-gnu cache-miss
382 http fetch GET 200 https://registry.npmjs.org/lightningcss-win32-arm64-msvc 229ms (cache miss)
383 silly packumentCache full:https://registry.npmjs.org/lightningcss-win32-arm64-msvc set size:undefined disposed:false
384 silly fetch manifest lightningcss-linux-arm-gnueabihf@1.33.0
385 silly packumentCache full:https://registry.npmjs.org/lightningcss-linux-arm-gnueabihf cache-miss
386 http fetch GET 200 https://registry.npmjs.org/lightningcss-darwin-arm64 258ms (cache miss)
387 silly packumentCache full:https://registry.npmjs.org/lightningcss-darwin-arm64 set size:undefined disposed:false
388 silly fetch manifest lightningcss-linux-arm64-musl@1.33.0
389 silly packumentCache full:https://registry.npmjs.org/lightningcss-linux-arm64-musl cache-miss
390 http fetch GET 200 https://registry.npmjs.org/detect-libc 260ms (cache miss)
391 silly packumentCache full:https://registry.npmjs.org/detect-libc set size:undefined disposed:false
392 silly fetch manifest lightningcss-linux-x64-musl@1.33.0
393 silly packumentCache full:https://registry.npmjs.org/lightningcss-linux-x64-musl cache-miss
394 http fetch GET 200 https://registry.npmjs.org/lightningcss-linux-arm64-musl 257ms (cache miss)
395 silly packumentCache full:https://registry.npmjs.org/lightningcss-linux-arm64-musl set size:undefined disposed:false
396 silly fetch manifest lightningcss-freebsd-x64@1.33.0
397 silly packumentCache full:https://registry.npmjs.org/lightningcss-freebsd-x64 cache-miss
398 http fetch GET 200 https://registry.npmjs.org/lightningcss-win32-x64-msvc 523ms (cache miss)
399 silly packumentCache full:https://registry.npmjs.org/lightningcss-win32-x64-msvc set size:undefined disposed:false
400 silly fetch manifest lightningcss-android-arm64@1.33.0
401 silly packumentCache full:https://registry.npmjs.org/lightningcss-android-arm64 cache-miss
402 http fetch GET 200 https://registry.npmjs.org/lightningcss-linux-x64-musl 280ms (cache miss)
403 silly packumentCache full:https://registry.npmjs.org/lightningcss-linux-x64-musl set size:undefined disposed:false
404 silly fetch manifest nanoid@^3.3.17
405 silly packumentCache full:https://registry.npmjs.org/nanoid cache-miss
406 http fetch GET 200 https://registry.npmjs.org/lightningcss-freebsd-x64 250ms (cache miss)
407 silly packumentCache full:https://registry.npmjs.org/lightningcss-freebsd-x64 set size:undefined disposed:false
408 silly fetch manifest picocolors@^1.1.1
409 silly packumentCache full:https://registry.npmjs.org/picocolors cache-miss
410 http fetch GET 200 https://registry.npmjs.org/lightningcss-android-arm64 249ms (cache miss)
411 silly packumentCache full:https://registry.npmjs.org/lightningcss-android-arm64 set size:undefined disposed:false
412 silly fetch manifest source-map-js@^1.2.1
413 silly packumentCache full:https://registry.npmjs.org/source-map-js cache-miss
414 http fetch GET 200 https://registry.npmjs.org/lightningcss-linux-x64-gnu 888ms (cache miss)
415 silly packumentCache full:https://registry.npmjs.org/lightningcss-linux-x64-gnu set size:undefined disposed:false
416 silly fetch manifest @oxc-project/types@=0.147.0
417 silly packumentCache full:https://registry.npmjs.org/@oxc-project%2ftypes cache-miss
418 http fetch GET 200 https://registry.npmjs.org/lightningcss-linux-arm-gnueabihf 672ms (cache miss)
419 silly packumentCache full:https://registry.npmjs.org/lightningcss-linux-arm-gnueabihf set size:undefined disposed:false
420 silly fetch manifest @rolldown/binding-darwin-x64@1.2.6
421 silly packumentCache full:https://registry.npmjs.org/@rolldown%2fbinding-darwin-x64 cache-miss
422 http fetch GET 200 https://registry.npmjs.org/lightningcss-linux-arm64-gnu 907ms (cache miss)
423 silly packumentCache full:https://registry.npmjs.org/lightningcss-linux-arm64-gnu set size:undefined disposed:false
424 silly fetch manifest @rolldown/binding-freebsd-x64@1.2.6
425 silly packumentCache full:https://registry.npmjs.org/@rolldown%2fbinding-freebsd-x64 cache-miss
426 http fetch GET 200 https://registry.npmjs.org/lightningcss-darwin-x64 1062ms (cache miss)
427 silly packumentCache full:https://registry.npmjs.org/lightningcss-darwin-x64 set size:undefined disposed:false
428 silly fetch manifest @rolldown/binding-darwin-arm64@1.2.6
429 silly packumentCache full:https://registry.npmjs.org/@rolldown%2fbinding-darwin-arm64 cache-miss
430 http fetch GET 200 https://registry.npmjs.org/nanoid 723ms (cache miss)
431 silly packumentCache full:https://registry.npmjs.org/nanoid set size:undefined disposed:false
432 silly fetch manifest @rolldown/binding-android-arm64@1.2.6
433 silly packumentCache full:https://registry.npmjs.org/@rolldown%2fbinding-android-arm64 cache-miss
434 http fetch GET 200 https://registry.npmjs.org/picocolors 511ms (cache miss)
435 silly packumentCache full:https://registry.npmjs.org/picocolors set size:undefined disposed:false
436 silly fetch manifest @rolldown/binding-linux-x64-gnu@1.2.6
437 silly packumentCache full:https://registry.npmjs.org/@rolldown%2fbinding-linux-x64-gnu cache-miss
438 http fetch GET 200 https://registry.npmjs.org/source-map-js 553ms (cache miss)
439 silly packumentCache full:https://registry.npmjs.org/source-map-js set size:undefined disposed:false
440 silly fetch manifest @rolldown/binding-linux-x64-musl@1.2.6
441 silly packumentCache full:https://registry.npmjs.org/@rolldown%2fbinding-linux-x64-musl cache-miss
442 http fetch GET 200 https://registry.npmjs.org/@rolldown%2fbinding-freebsd-x64 580ms (cache miss)
443 silly packumentCache full:https://registry.npmjs.org/@rolldown%2fbinding-freebsd-x64 set size:undefined disposed:false
444 silly fetch manifest @rolldown/binding-win32-x64-msvc@1.2.6
445 silly packumentCache full:https://registry.npmjs.org/@rolldown%2fbinding-win32-x64-msvc cache-miss
446 http fetch GET 200 https://registry.npmjs.org/@rolldown%2fbinding-android-arm64 539ms (cache miss)
447 silly packumentCache full:https://registry.npmjs.org/@rolldown%2fbinding-android-arm64 set size:undefined disposed:false
448 silly fetch manifest @rolldown/binding-linux-arm64-gnu@1.2.6
449 silly packumentCache full:https://registry.npmjs.org/@rolldown%2fbinding-linux-arm64-gnu cache-miss
450 http fetch GET 200 https://registry.npmjs.org/@rolldown%2fbinding-darwin-x64 986ms (cache miss)
451 silly packumentCache full:https://registry.npmjs.org/@rolldown%2fbinding-darwin-x64 set size:undefined disposed:false
452 silly fetch manifest @rolldown/binding-linux-ppc64-gnu@1.2.6
453 silly packumentCache full:https://registry.npmjs.org/@rolldown%2fbinding-linux-ppc64-gnu cache-miss
454 http fetch GET 200 https://registry.npmjs.org/@rolldown%2fbinding-linux-x64-gnu 894ms (cache miss)
455 silly packumentCache full:https://registry.npmjs.org/@rolldown%2fbinding-linux-x64-gnu set size:undefined disposed:false
456 silly fetch manifest @rolldown/binding-linux-s390x-gnu@1.2.6
457 silly packumentCache full:https://registry.npmjs.org/@rolldown%2fbinding-linux-s390x-gnu cache-miss
458 http fetch GET 200 https://registry.npmjs.org/@oxc-project%2ftypes 1454ms (cache miss)
459 silly packumentCache full:https://registry.npmjs.org/@oxc-project%2ftypes set size:undefined disposed:false
460 silly fetch manifest @rolldown/binding-android-arm-eabi@1.2.6
461 silly packumentCache full:https://registry.npmjs.org/@rolldown%2fbinding-android-arm-eabi cache-miss
462 http fetch GET 200 https://registry.npmjs.org/@rolldown%2fbinding-linux-ppc64-gnu 495ms (cache miss)
463 silly packumentCache full:https://registry.npmjs.org/@rolldown%2fbinding-linux-ppc64-gnu set size:undefined disposed:false
464 silly fetch manifest @rolldown/binding-linux-arm64-musl@1.2.6
465 silly packumentCache full:https://registry.npmjs.org/@rolldown%2fbinding-linux-arm64-musl cache-miss
466 http fetch GET 200 https://registry.npmjs.org/@rolldown%2fbinding-android-arm-eabi 273ms (cache miss)
467 silly packumentCache full:https://registry.npmjs.org/@rolldown%2fbinding-android-arm-eabi set size:undefined disposed:false
468 silly fetch manifest @rolldown/binding-win32-arm64-msvc@1.2.6
469 silly packumentCache full:https://registry.npmjs.org/@rolldown%2fbinding-win32-arm64-msvc cache-miss
470 http fetch GET 200 https://registry.npmjs.org/@rolldown%2fbinding-linux-arm64-gnu 819ms (cache miss)
471 silly packumentCache full:https://registry.npmjs.org/@rolldown%2fbinding-linux-arm64-gnu set size:undefined disposed:false
472 silly fetch manifest @rolldown/binding-openharmony-arm64@1.2.6
473 silly packumentCache full:https://registry.npmjs.org/@rolldown%2fbinding-openharmony-arm64 cache-miss
474 http fetch GET 200 https://registry.npmjs.org/@rolldown%2fbinding-win32-x64-msvc 1310ms (cache miss)
475 silly packumentCache full:https://registry.npmjs.org/@rolldown%2fbinding-win32-x64-msvc set size:undefined disposed:false
476 silly fetch manifest @rolldown/binding-linux-arm-gnueabihf@1.2.6
477 silly packumentCache full:https://registry.npmjs.org/@rolldown%2fbinding-linux-arm-gnueabihf cache-miss
478 http fetch GET 200 https://registry.npmjs.org/@rolldown%2fbinding-openharmony-arm64 313ms (cache miss)
479 silly packumentCache full:https://registry.npmjs.org/@rolldown%2fbinding-openharmony-arm64 set size:undefined disposed:false
480 silly fetch manifest fdir@^6.5.0
481 silly packumentCache full:https://registry.npmjs.org/fdir cache-miss
482 http fetch GET 200 https://registry.npmjs.org/@rolldown%2fbinding-darwin-arm64 2099ms (cache miss)
483 silly packumentCache full:https://registry.npmjs.org/@rolldown%2fbinding-darwin-arm64 set size:undefined disposed:false
484 http fetch GET 200 https://registry.npmjs.org/@rolldown%2fbinding-linux-s390x-gnu 1170ms (cache miss)
485 silly packumentCache full:https://registry.npmjs.org/@rolldown%2fbinding-linux-s390x-gnu set size:undefined disposed:false
486 http fetch GET 200 https://registry.npmjs.org/@rolldown%2fbinding-linux-arm64-musl 1047ms (cache miss)
487 silly packumentCache full:https://registry.npmjs.org/@rolldown%2fbinding-linux-arm64-musl set size:undefined disposed:false
488 http fetch GET 200 https://registry.npmjs.org/@rolldown%2fbinding-linux-arm-gnueabihf 861ms (cache miss)
489 silly packumentCache full:https://registry.npmjs.org/@rolldown%2fbinding-linux-arm-gnueabihf set size:undefined disposed:false
490 http fetch GET 200 https://registry.npmjs.org/fdir 1157ms (cache miss)
491 silly packumentCache full:https://registry.npmjs.org/fdir set size:undefined disposed:false
492 http fetch GET 200 https://registry.npmjs.org/@rolldown%2fbinding-win32-arm64-msvc 2347ms (cache miss)
493 silly packumentCache full:https://registry.npmjs.org/@rolldown%2fbinding-win32-arm64-msvc set size:undefined disposed:false
494 http fetch GET 200 https://registry.npmjs.org/@rolldown%2fbinding-linux-x64-musl 8224ms (cache miss)
495 silly packumentCache full:https://registry.npmjs.org/@rolldown%2fbinding-linux-x64-musl set size:undefined disposed:false
496 silly placeDep ROOT detect-libc@2.1.2 OK for: lightningcss@1.33.0 want: ^2.0.3
497 silly placeDep ROOT lightningcss-android-arm64@1.33.0 OK for: lightningcss@1.33.0 want: 1.33.0
498 silly placeDep ROOT lightningcss-darwin-arm64@1.33.0 OK for: lightningcss@1.33.0 want: 1.33.0
499 silly placeDep ROOT lightningcss-darwin-x64@1.33.0 OK for: lightningcss@1.33.0 want: 1.33.0
500 silly placeDep ROOT lightningcss-freebsd-x64@1.33.0 OK for: lightningcss@1.33.0 want: 1.33.0
501 silly placeDep ROOT lightningcss-linux-arm-gnueabihf@1.33.0 OK for: lightningcss@1.33.0 want: 1.33.0
502 silly placeDep ROOT lightningcss-linux-arm64-gnu@1.33.0 OK for: lightningcss@1.33.0 want: 1.33.0
503 silly placeDep ROOT lightningcss-linux-arm64-musl@1.33.0 OK for: lightningcss@1.33.0 want: 1.33.0
504 silly placeDep ROOT lightningcss-linux-x64-gnu@1.33.0 OK for: lightningcss@1.33.0 want: 1.33.0
505 silly placeDep ROOT lightningcss-linux-x64-musl@1.33.0 OK for: lightningcss@1.33.0 want: 1.33.0
506 silly placeDep ROOT lightningcss-win32-arm64-msvc@1.33.0 OK for: lightningcss@1.33.0 want: 1.33.0
507 silly placeDep ROOT lightningcss-win32-x64-msvc@1.33.0 OK for: lightningcss@1.33.0 want: 1.33.0
508 silly placeDep ROOT nanoid@3.3.18 OK for: postcss@8.5.26 want: ^3.3.17
509 silly placeDep ROOT picocolors@1.1.1 OK for: postcss@8.5.26 want: ^1.1.1
510 silly placeDep ROOT source-map-js@1.2.1 OK for: postcss@8.5.26 want: ^1.2.1
511 silly placeDep ROOT @oxc-project/types@0.147.0 OK for: rolldown@1.2.6 want: =0.147.0
512 silly placeDep ROOT @rolldown/binding-android-arm-eabi@1.2.6 OK for: rolldown@1.2.6 want: 1.2.6
513 silly placeDep ROOT @rolldown/binding-android-arm64@1.2.6 OK for: rolldown@1.2.6 want: 1.2.6
514 silly placeDep ROOT @rolldown/binding-darwin-arm64@1.2.6 OK for: rolldown@1.2.6 want: 1.2.6
515 silly placeDep ROOT @rolldown/binding-darwin-x64@1.2.6 OK for: rolldown@1.2.6 want: 1.2.6
516 silly placeDep ROOT @rolldown/binding-freebsd-x64@1.2.6 OK for: rolldown@1.2.6 want: 1.2.6
517 silly placeDep ROOT @rolldown/binding-linux-arm-gnueabihf@1.2.6 OK for: rolldown@1.2.6 want: 1.2.6
518 silly placeDep ROOT @rolldown/binding-linux-arm64-gnu@1.2.6 OK for: rolldown@1.2.6 want: 1.2.6
519 silly placeDep ROOT @rolldown/binding-linux-arm64-musl@1.2.6 OK for: rolldown@1.2.6 want: 1.2.6
520 silly placeDep ROOT @rolldown/binding-linux-ppc64-gnu@1.2.6 OK for: rolldown@1.2.6 want: 1.2.6
521 silly placeDep ROOT @rolldown/binding-linux-s390x-gnu@1.2.6 OK for: rolldown@1.2.6 want: 1.2.6
522 silly placeDep ROOT @rolldown/binding-linux-x64-gnu@1.2.6 OK for: rolldown@1.2.6 want: 1.2.6
523 silly placeDep ROOT @rolldown/binding-linux-x64-musl@1.2.6 OK for: rolldown@1.2.6 want: 1.2.6
524 silly placeDep ROOT @rolldown/binding-openharmony-arm64@1.2.6 OK for: rolldown@1.2.6 want: 1.2.6
525 silly placeDep ROOT @rolldown/binding-win32-arm64-msvc@1.2.6 OK for: rolldown@1.2.6 want: 1.2.6
526 silly placeDep ROOT @rolldown/binding-win32-x64-msvc@1.2.6 OK for: rolldown@1.2.6 want: 1.2.6
527 silly fetch manifest picomatch@^4.0.4
528 silly packumentCache full:https://registry.npmjs.org/picomatch cache-miss
529 http fetch GET 200 https://registry.npmjs.org/picomatch 5ms (cache hit)
530 silly packumentCache full:https://registry.npmjs.org/picomatch set size:134451 disposed:false
531 silly placeDep ROOT fdir@6.5.0 OK for: tinyglobby@0.2.17 want: ^6.5.0
532 warn EBADENGINE Unsupported engine {
532 warn EBADENGINE   package: '@vitejs/plugin-react@6.1.1',
532 warn EBADENGINE   required: { node: '^20.19.0 || >=22.12.0' },
532 warn EBADENGINE   current: { node: 'v22.8.0', npm: '10.8.2' }
532 warn EBADENGINE }
533 warn EBADENGINE Unsupported engine {
533 warn EBADENGINE   package: 'vite@8.2.2',
533 warn EBADENGINE   required: { node: '^20.19.0 || >=22.12.0' },
533 warn EBADENGINE   current: { node: 'v22.8.0', npm: '10.8.2' }
533 warn EBADENGINE }
534 warn EBADENGINE Unsupported engine {
534 warn EBADENGINE   package: 'oxlint@1.81.0',
534 warn EBADENGINE   required: { node: '^20.19.0 || >=22.12.0' },
534 warn EBADENGINE   current: { node: 'v22.8.0', npm: '10.8.2' }
534 warn EBADENGINE }
535 warn EBADENGINE Unsupported engine {
535 warn EBADENGINE   package: 'rolldown@1.2.6',
535 warn EBADENGINE   required: { node: '^20.19.0 || >=22.12.0' },
535 warn EBADENGINE   current: { node: 'v22.8.0', npm: '10.8.2' }
535 warn EBADENGINE }
536 silly reify moves {}
537 silly audit bulk request {
537 silly audit   '@types/node': [ '24.13.3' ],
537 silly audit   '@types/react': [ '19.2.18' ],
537 silly audit   '@types/react-dom': [ '19.2.5' ],
537 silly audit   '@vitejs/plugin-react': [ '6.1.1' ],
537 silly audit   vite: [ '8.2.2' ],
537 silly audit   oxlint: [ '1.81.0' ],
537 silly audit   react: [ '19.2.8' ],
537 silly audit   'react-dom': [ '19.2.8' ],
537 silly audit   typescript: [ '6.0.3' ],
537 silly audit   'undici-types': [ '7.18.2' ],
537 silly audit   csstype: [ '3.2.3' ],
537 silly audit   '@rolldown/pluginutils': [ '1.0.1' ],
537 silly audit   '@oxlint/binding-android-arm-eabi': [ '1.81.0' ],
537 silly audit   '@oxlint/binding-android-arm64': [ '1.81.0' ],
537 silly audit   '@oxlint/binding-darwin-arm64': [ '1.81.0' ],
537 silly audit   '@oxlint/binding-darwin-x64': [ '1.81.0' ],
537 silly audit   '@oxlint/binding-freebsd-x64': [ '1.81.0' ],
537 silly audit   '@oxlint/binding-linux-arm-gnueabihf': [ '1.81.0' ],
537 silly audit   '@oxlint/binding-linux-arm-musleabihf': [ '1.81.0' ],
537 silly audit   '@oxlint/binding-linux-arm64-gnu': [ '1.81.0' ],
537 silly audit   '@oxlint/binding-linux-arm64-musl': [ '1.81.0' ],
537 silly audit   '@oxlint/binding-linux-ppc64-gnu': [ '1.81.0' ],
537 silly audit   '@oxlint/binding-linux-riscv64-gnu': [ '1.81.0' ],
537 silly audit   '@oxlint/binding-linux-riscv64-musl': [ '1.81.0' ],
537 silly audit   '@oxlint/binding-linux-s390x-gnu': [ '1.81.0' ],
537 silly audit   '@oxlint/binding-linux-x64-gnu': [ '1.81.0' ],
537 silly audit   '@oxlint/binding-linux-x64-musl': [ '1.81.0' ],
537 silly audit   '@oxlint/binding-openharmony-arm64': [ '1.81.0' ],
537 silly audit   '@oxlint/binding-win32-arm64-msvc': [ '1.81.0' ],
537 silly audit   '@oxlint/binding-win32-ia32-msvc': [ '1.81.0' ],
537 silly audit   '@oxlint/binding-win32-x64-msvc': [ '1.81.0' ],
537 silly audit   scheduler: [ '0.27.0' ],
537 silly audit   fsevents: [ '2.3.3' ],
537 silly audit   lightningcss: [ '1.33.0' ],
537 silly audit   picomatch: [ '4.0.7' ],
537 silly audit   postcss: [ '8.5.26' ],
537 silly audit   rolldown: [ '1.2.6' ],
537 silly audit   tinyglobby: [ '0.2.17' ],
537 silly audit   'detect-libc': [ '2.1.2' ],
537 silly audit   'lightningcss-android-arm64': [ '1.33.0' ],
537 silly audit   'lightningcss-darwin-arm64': [ '1.33.0' ],
537 silly audit   'lightningcss-darwin-x64': [ '1.33.0' ],
537 silly audit   'lightningcss-freebsd-x64': [ '1.33.0' ],
537 silly audit   'lightningcss-linux-arm-gnueabihf': [ '1.33.0' ],
537 silly audit   'lightningcss-linux-arm64-gnu': [ '1.33.0' ],
537 silly audit   'lightningcss-linux-arm64-musl': [ '1.33.0' ],
537 silly audit   'lightningcss-linux-x64-gnu': [ '1.33.0' ],
537 silly audit   'lightningcss-linux-x64-musl': [ '1.33.0' ],
537 silly audit   'lightningcss-win32-arm64-msvc': [ '1.33.0' ],
537 silly audit   'lightningcss-win32-x64-msvc': [ '1.33.0' ],
537 silly audit   nanoid: [ '3.3.18' ],
537 silly audit   picocolors: [ '1.1.1' ],
537 silly audit   'source-map-js': [ '1.2.1' ],
537 silly audit   '@oxc-project/types': [ '0.147.0' ],
537 silly audit   '@rolldown/binding-android-arm-eabi': [ '1.2.6' ],
537 silly audit   '@rolldown/binding-android-arm64': [ '1.2.6' ],
537 silly audit   '@rolldown/binding-darwin-arm64': [ '1.2.6' ],
537 silly audit   '@rolldown/binding-darwin-x64': [ '1.2.6' ],
537 silly audit   '@rolldown/binding-freebsd-x64': [ '1.2.6' ],
537 silly audit   '@rolldown/binding-linux-arm-gnueabihf': [ '1.2.6' ],
537 silly audit   '@rolldown/binding-linux-arm64-gnu': [ '1.2.6' ],
537 silly audit   '@rolldown/binding-linux-arm64-musl': [ '1.2.6' ],
537 silly audit   '@rolldown/binding-linux-ppc64-gnu': [ '1.2.6' ],
537 silly audit   '@rolldown/binding-linux-s390x-gnu': [ '1.2.6' ],
537 silly audit   '@rolldown/binding-linux-x64-gnu': [ '1.2.6' ],
537 silly audit   '@rolldown/binding-linux-x64-musl': [ '1.2.6' ],
537 silly audit   '@rolldown/binding-openharmony-arm64': [ '1.2.6' ],
537 silly audit   '@rolldown/binding-win32-arm64-msvc': [ '1.2.6' ],
537 silly audit   '@rolldown/binding-win32-x64-msvc': [ '1.2.6' ],
537 silly audit   fdir: [ '6.5.0' ]
537 silly audit }
538 verbose reify failed optional dependency /Users/aogengyuan/PycharmProjects/hands_gesture/hands-gesture-web/node_modules/@rolldown/binding-win32-x64-msvc
539 silly reify mark deleted [
539 silly reify   '/Users/aogengyuan/PycharmProjects/hands_gesture/hands-gesture-web/node_modules/@rolldown/binding-win32-x64-msvc'
539 silly reify ]
540 verbose reify failed optional dependency /Users/aogengyuan/PycharmProjects/hands_gesture/hands-gesture-web/node_modules/@rolldown/binding-win32-arm64-msvc
541 silly reify mark deleted [
541 silly reify   '/Users/aogengyuan/PycharmProjects/hands_gesture/hands-gesture-web/node_modules/@rolldown/binding-win32-arm64-msvc'
541 silly reify ]
542 verbose reify failed optional dependency /Users/aogengyuan/PycharmProjects/hands_gesture/hands-gesture-web/node_modules/@rolldown/binding-openharmony-arm64
543 silly reify mark deleted [
543 silly reify   '/Users/aogengyuan/PycharmProjects/hands_gesture/hands-gesture-web/node_modules/@rolldown/binding-openharmony-arm64'
543 silly reify ]
544 verbose reify failed optional dependency /Users/aogengyuan/PycharmProjects/hands_gesture/hands-gesture-web/node_modules/@rolldown/binding-linux-x64-musl
545 silly reify mark deleted [
545 silly reify   '/Users/aogengyuan/PycharmProjects/hands_gesture/hands-gesture-web/node_modules/@rolldown/binding-linux-x64-musl'
545 silly reify ]
546 verbose reify failed optional dependency /Users/aogengyuan/PycharmProjects/hands_gesture/hands-gesture-web/node_modules/@rolldown/binding-linux-x64-gnu
547 silly reify mark deleted [
547 silly reify   '/Users/aogengyuan/PycharmProjects/hands_gesture/hands-gesture-web/node_modules/@rolldown/binding-linux-x64-gnu'
547 silly reify ]
548 verbose reify failed optional dependency /Users/aogengyuan/PycharmProjects/hands_gesture/hands-gesture-web/node_modules/@rolldown/binding-linux-s390x-gnu
549 silly reify mark deleted [
549 silly reify   '/Users/aogengyuan/PycharmProjects/hands_gesture/hands-gesture-web/node_modules/@rolldown/binding-linux-s390x-gnu'
549 silly reify ]
550 verbose reify failed optional dependency /Users/aogengyuan/PycharmProjects/hands_gesture/hands-gesture-web/node_modules/@rolldown/binding-linux-ppc64-gnu
551 silly reify mark deleted [
551 silly reify   '/Users/aogengyuan/PycharmProjects/hands_gesture/hands-gesture-web/node_modules/@rolldown/binding-linux-ppc64-gnu'
551 silly reify ]
552 verbose reify failed optional dependency /Users/aogengyuan/PycharmProjects/hands_gesture/hands-gesture-web/node_modules/@rolldown/binding-linux-arm64-musl
553 silly reify mark deleted [
553 silly reify   '/Users/aogengyuan/PycharmProjects/hands_gesture/hands-gesture-web/node_modules/@rolldown/binding-linux-arm64-musl'
553 silly reify ]
554 verbose reify failed optional dependency /Users/aogengyuan/PycharmProjects/hands_gesture/hands-gesture-web/node_modules/@rolldown/binding-linux-arm64-gnu
555 silly reify mark deleted [
555 silly reify   '/Users/aogengyuan/PycharmProjects/hands_gesture/hands-gesture-web/node_modules/@rolldown/binding-linux-arm64-gnu'
555 silly reify ]
556 verbose reify failed optional dependency /Users/aogengyuan/PycharmProjects/hands_gesture/hands-gesture-web/node_modules/@rolldown/binding-linux-arm-gnueabihf
557 silly reify mark deleted [
557 silly reify   '/Users/aogengyuan/PycharmProjects/hands_gesture/hands-gesture-web/node_modules/@rolldown/binding-linux-arm-gnueabihf'
557 silly reify ]
558 verbose reify failed optional dependency /Users/aogengyuan/PycharmProjects/hands_gesture/hands-gesture-web/node_modules/@rolldown/binding-freebsd-x64
559 silly reify mark deleted [
559 silly reify   '/Users/aogengyuan/PycharmProjects/hands_gesture/hands-gesture-web/node_modules/@rolldown/binding-freebsd-x64'
559 silly reify ]
560 verbose reify failed optional dependency /Users/aogengyuan/PycharmProjects/hands_gesture/hands-gesture-web/node_modules/@rolldown/binding-darwin-x64
561 silly reify mark deleted [
561 silly reify   '/Users/aogengyuan/PycharmProjects/hands_gesture/hands-gesture-web/node_modules/@rolldown/binding-darwin-x64'
561 silly reify ]
562 verbose reify failed optional dependency /Users/aogengyuan/PycharmProjects/hands_gesture/hands-gesture-web/node_modules/@rolldown/binding-darwin-arm64
563 silly reify mark deleted [
563 silly reify   '/Users/aogengyuan/PycharmProjects/hands_gesture/hands-gesture-web/node_modules/@rolldown/binding-darwin-arm64'
563 silly reify ]
564 verbose reify failed optional dependency /Users/aogengyuan/PycharmProjects/hands_gesture/hands-gesture-web/node_modules/@rolldown/binding-android-arm64
565 silly reify mark deleted [
565 silly reify   '/Users/aogengyuan/PycharmProjects/hands_gesture/hands-gesture-web/node_modules/@rolldown/binding-android-arm64'
565 silly reify ]
566 verbose reify failed optional dependency /Users/aogengyuan/PycharmProjects/hands_gesture/hands-gesture-web/node_modules/@rolldown/binding-android-arm-eabi
567 silly reify mark deleted [
567 silly reify   '/Users/aogengyuan/PycharmProjects/hands_gesture/hands-gesture-web/node_modules/@rolldown/binding-android-arm-eabi'
567 silly reify ]
568 verbose reify failed optional dependency /Users/aogengyuan/PycharmProjects/hands_gesture/hands-gesture-web/node_modules/lightningcss-win32-x64-msvc
569 silly reify mark deleted [
569 silly reify   '/Users/aogengyuan/PycharmProjects/hands_gesture/hands-gesture-web/node_modules/lightningcss-win32-x64-msvc'
569 silly reify ]
570 verbose reify failed optional dependency /Users/aogengyuan/PycharmProjects/hands_gesture/hands-gesture-web/node_modules/lightningcss-win32-arm64-msvc
571 silly reify mark deleted [
571 silly reify   '/Users/aogengyuan/PycharmProjects/hands_gesture/hands-gesture-web/node_modules/lightningcss-win32-arm64-msvc'
571 silly reify ]
572 verbose reify failed optional dependency /Users/aogengyuan/PycharmProjects/hands_gesture/hands-gesture-web/node_modules/lightningcss-linux-x64-musl
573 silly reify mark deleted [
573 silly reify   '/Users/aogengyuan/PycharmProjects/hands_gesture/hands-gesture-web/node_modules/lightningcss-linux-x64-musl'
573 silly reify ]
574 verbose reify failed optional dependency /Users/aogengyuan/PycharmProjects/hands_gesture/hands-gesture-web/node_modules/lightningcss-linux-x64-gnu
575 silly reify mark deleted [
575 silly reify   '/Users/aogengyuan/PycharmProjects/hands_gesture/hands-gesture-web/node_modules/lightningcss-linux-x64-gnu'
575 silly reify ]
576 verbose reify failed optional dependency /Users/aogengyuan/PycharmProjects/hands_gesture/hands-gesture-web/node_modules/lightningcss-linux-arm64-musl
577 silly reify mark deleted [
577 silly reify   '/Users/aogengyuan/PycharmProjects/hands_gesture/hands-gesture-web/node_modules/lightningcss-linux-arm64-musl'
577 silly reify ]
578 verbose reify failed optional dependency /Users/aogengyuan/PycharmProjects/hands_gesture/hands-gesture-web/node_modules/lightningcss-linux-arm64-gnu
579 silly reify mark deleted [
579 silly reify   '/Users/aogengyuan/PycharmProjects/hands_gesture/hands-gesture-web/node_modules/lightningcss-linux-arm64-gnu'
579 silly reify ]
580 verbose reify failed optional dependency /Users/aogengyuan/PycharmProjects/hands_gesture/hands-gesture-web/node_modules/lightningcss-linux-arm-gnueabihf
581 silly reify mark deleted [
581 silly reify   '/Users/aogengyuan/PycharmProjects/hands_gesture/hands-gesture-web/node_modules/lightningcss-linux-arm-gnueabihf'
581 silly reify ]
582 verbose reify failed optional dependency /Users/aogengyuan/PycharmProjects/hands_gesture/hands-gesture-web/node_modules/lightningcss-freebsd-x64
583 silly reify mark deleted [
583 silly reify   '/Users/aogengyuan/PycharmProjects/hands_gesture/hands-gesture-web/node_modules/lightningcss-freebsd-x64'
583 silly reify ]
584 verbose reify failed optional dependency /Users/aogengyuan/PycharmProjects/hands_gesture/hands-gesture-web/node_modules/lightningcss-darwin-x64
585 silly reify mark deleted [
585 silly reify   '/Users/aogengyuan/PycharmProjects/hands_gesture/hands-gesture-web/node_modules/lightningcss-darwin-x64'
585 silly reify ]
586 verbose reify failed optional dependency /Users/aogengyuan/PycharmProjects/hands_gesture/hands-gesture-web/node_modules/lightningcss-android-arm64
587 silly reify mark deleted [
587 silly reify   '/Users/aogengyuan/PycharmProjects/hands_gesture/hands-gesture-web/node_modules/lightningcss-android-arm64'
587 silly reify ]
588 verbose reify failed optional dependency /Users/aogengyuan/PycharmProjects/hands_gesture/hands-gesture-web/node_modules/@oxlint/binding-win32-x64-msvc
589 silly reify mark deleted [
589 silly reify   '/Users/aogengyuan/PycharmProjects/hands_gesture/hands-gesture-web/node_modules/@oxlint/binding-win32-x64-msvc'
589 silly reify ]
590 verbose reify failed optional dependency /Users/aogengyuan/PycharmProjects/hands_gesture/hands-gesture-web/node_modules/@oxlint/binding-win32-ia32-msvc
591 silly reify mark deleted [
591 silly reify   '/Users/aogengyuan/PycharmProjects/hands_gesture/hands-gesture-web/node_modules/@oxlint/binding-win32-ia32-msvc'
591 silly reify ]
592 verbose reify failed optional dependency /Users/aogengyuan/PycharmProjects/hands_gesture/hands-gesture-web/node_modules/@oxlint/binding-win32-arm64-msvc
593 silly reify mark deleted [
593 silly reify   '/Users/aogengyuan/PycharmProjects/hands_gesture/hands-gesture-web/node_modules/@oxlint/binding-win32-arm64-msvc'
593 silly reify ]
594 verbose reify failed optional dependency /Users/aogengyuan/PycharmProjects/hands_gesture/hands-gesture-web/node_modules/@oxlint/binding-openharmony-arm64
595 silly reify mark deleted [
595 silly reify   '/Users/aogengyuan/PycharmProjects/hands_gesture/hands-gesture-web/node_modules/@oxlint/binding-openharmony-arm64'
595 silly reify ]
596 verbose reify failed optional dependency /Users/aogengyuan/PycharmProjects/hands_gesture/hands-gesture-web/node_modules/@oxlint/binding-linux-x64-musl
597 silly reify mark deleted [
597 silly reify   '/Users/aogengyuan/PycharmProjects/hands_gesture/hands-gesture-web/node_modules/@oxlint/binding-linux-x64-musl'
597 silly reify ]
598 verbose reify failed optional dependency /Users/aogengyuan/PycharmProjects/hands_gesture/hands-gesture-web/node_modules/@oxlint/binding-linux-x64-gnu
599 silly reify mark deleted [
599 silly reify   '/Users/aogengyuan/PycharmProjects/hands_gesture/hands-gesture-web/node_modules/@oxlint/binding-linux-x64-gnu'
599 silly reify ]
600 verbose reify failed optional dependency /Users/aogengyuan/PycharmProjects/hands_gesture/hands-gesture-web/node_modules/@oxlint/binding-linux-s390x-gnu
601 silly reify mark deleted [
601 silly reify   '/Users/aogengyuan/PycharmProjects/hands_gesture/hands-gesture-web/node_modules/@oxlint/binding-linux-s390x-gnu'
601 silly reify ]
602 verbose reify failed optional dependency /Users/aogengyuan/PycharmProjects/hands_gesture/hands-gesture-web/node_modules/@oxlint/binding-linux-riscv64-musl
603 silly reify mark deleted [
603 silly reify   '/Users/aogengyuan/PycharmProjects/hands_gesture/hands-gesture-web/node_modules/@oxlint/binding-linux-riscv64-musl'
603 silly reify ]
604 verbose reify failed optional dependency /Users/aogengyuan/PycharmProjects/hands_gesture/hands-gesture-web/node_modules/@oxlint/binding-linux-riscv64-gnu
605 silly reify mark deleted [
605 silly reify   '/Users/aogengyuan/PycharmProjects/hands_gesture/hands-gesture-web/node_modules/@oxlint/binding-linux-riscv64-gnu'
605 silly reify ]
606 verbose reify failed optional dependency /Users/aogengyuan/PycharmProjects/hands_gesture/hands-gesture-web/node_modules/@oxlint/binding-linux-ppc64-gnu
607 silly reify mark deleted [
607 silly reify   '/Users/aogengyuan/PycharmProjects/hands_gesture/hands-gesture-web/node_modules/@oxlint/binding-linux-ppc64-gnu'
607 silly reify ]
608 verbose reify failed optional dependency /Users/aogengyuan/PycharmProjects/hands_gesture/hands-gesture-web/node_modules/@oxlint/binding-linux-arm64-musl
609 silly reify mark deleted [
609 silly reify   '/Users/aogengyuan/PycharmProjects/hands_gesture/hands-gesture-web/node_modules/@oxlint/binding-linux-arm64-musl'
609 silly reify ]
610 verbose reify failed optional dependency /Users/aogengyuan/PycharmProjects/hands_gesture/hands-gesture-web/node_modules/@oxlint/binding-linux-arm64-gnu
611 silly reify mark deleted [
611 silly reify   '/Users/aogengyuan/PycharmProjects/hands_gesture/hands-gesture-web/node_modules/@oxlint/binding-linux-arm64-gnu'
611 silly reify ]
612 verbose reify failed optional dependency /Users/aogengyuan/PycharmProjects/hands_gesture/hands-gesture-web/node_modules/@oxlint/binding-linux-arm-musleabihf
613 silly reify mark deleted [
613 silly reify   '/Users/aogengyuan/PycharmProjects/hands_gesture/hands-gesture-web/node_modules/@oxlint/binding-linux-arm-musleabihf'
613 silly reify ]
614 verbose reify failed optional dependency /Users/aogengyuan/PycharmProjects/hands_gesture/hands-gesture-web/node_modules/@oxlint/binding-linux-arm-gnueabihf
615 silly reify mark deleted [
615 silly reify   '/Users/aogengyuan/PycharmProjects/hands_gesture/hands-gesture-web/node_modules/@oxlint/binding-linux-arm-gnueabihf'
615 silly reify ]
616 verbose reify failed optional dependency /Users/aogengyuan/PycharmProjects/hands_gesture/hands-gesture-web/node_modules/@oxlint/binding-freebsd-x64
617 silly reify mark deleted [
617 silly reify   '/Users/aogengyuan/PycharmProjects/hands_gesture/hands-gesture-web/node_modules/@oxlint/binding-freebsd-x64'
617 silly reify ]
618 verbose reify failed optional dependency /Users/aogengyuan/PycharmProjects/hands_gesture/hands-gesture-web/node_modules/@oxlint/binding-darwin-x64
619 silly reify mark deleted [
619 silly reify   '/Users/aogengyuan/PycharmProjects/hands_gesture/hands-gesture-web/node_modules/@oxlint/binding-darwin-x64'
619 silly reify ]
620 verbose reify failed optional dependency /Users/aogengyuan/PycharmProjects/hands_gesture/hands-gesture-web/node_modules/@oxlint/binding-darwin-arm64
621 silly reify mark deleted [
621 silly reify   '/Users/aogengyuan/PycharmProjects/hands_gesture/hands-gesture-web/node_modules/@oxlint/binding-darwin-arm64'
621 silly reify ]
622 verbose reify failed optional dependency /Users/aogengyuan/PycharmProjects/hands_gesture/hands-gesture-web/node_modules/@oxlint/binding-android-arm64
623 silly reify mark deleted [
623 silly reify   '/Users/aogengyuan/PycharmProjects/hands_gesture/hands-gesture-web/node_modules/@oxlint/binding-android-arm64'
623 silly reify ]
624 verbose reify failed optional dependency /Users/aogengyuan/PycharmProjects/hands_gesture/hands-gesture-web/node_modules/@oxlint/binding-android-arm-eabi
625 silly reify mark deleted [
625 silly reify   '/Users/aogengyuan/PycharmProjects/hands_gesture/hands-gesture-web/node_modules/@oxlint/binding-android-arm-eabi'
625 silly reify ]
626 silly tarball no local data for fdir@https://registry.npmjs.org/fdir/-/fdir-6.5.0.tgz. Extracting by manifest.
627 silly tarball no local data for source-map-js@https://registry.npmjs.org/source-map-js/-/source-map-js-1.2.1.tgz. Extracting by manifest.
628 silly tarball no local data for picocolors@https://registry.npmjs.org/picocolors/-/picocolors-1.1.1.tgz. Extracting by manifest.
629 silly tarball no local data for nanoid@https://registry.npmjs.org/nanoid/-/nanoid-3.3.18.tgz. Extracting by manifest.
630 silly tarball no local data for lightningcss-darwin-arm64@https://registry.npmjs.org/lightningcss-darwin-arm64/-/lightningcss-darwin-arm64-1.33.0.tgz. Extracting by manifest.
631 silly tarball no local data for @oxc-project/types@https://registry.npmjs.org/@oxc-project/types/-/types-0.147.0.tgz. Extracting by manifest.
632 silly tarball no local data for detect-libc@https://registry.npmjs.org/detect-libc/-/detect-libc-2.1.2.tgz. Extracting by manifest.
633 silly tarball no local data for tinyglobby@https://registry.npmjs.org/tinyglobby/-/tinyglobby-0.2.17.tgz. Extracting by manifest.
634 silly tarball no local data for rolldown@https://registry.npmjs.org/rolldown/-/rolldown-1.2.6.tgz. Extracting by manifest.
635 silly tarball no local data for lightningcss@https://registry.npmjs.org/lightningcss/-/lightningcss-1.33.0.tgz. Extracting by manifest.
636 silly tarball no local data for picomatch@https://registry.npmjs.org/picomatch/-/picomatch-4.0.7.tgz. Extracting by manifest.
637 silly tarball no local data for fsevents@https://registry.npmjs.org/fsevents/-/fsevents-2.3.3.tgz. Extracting by manifest.
638 silly tarball no local data for postcss@https://registry.npmjs.org/postcss/-/postcss-8.5.26.tgz. Extracting by manifest.
639 silly tarball no local data for scheduler@https://registry.npmjs.org/scheduler/-/scheduler-0.27.0.tgz. Extracting by manifest.
640 silly tarball no local data for @rolldown/pluginutils@https://registry.npmjs.org/@rolldown/pluginutils/-/pluginutils-1.0.1.tgz. Extracting by manifest.
641 silly tarball no local data for csstype@https://registry.npmjs.org/csstype/-/csstype-3.2.3.tgz. Extracting by manifest.
642 silly tarball no local data for undici-types@https://registry.npmjs.org/undici-types/-/undici-types-7.18.2.tgz. Extracting by manifest.
643 silly tarball no local data for typescript@https://registry.npmjs.org/typescript/-/typescript-6.0.3.tgz. Extracting by manifest.
644 silly tarball no local data for react@https://registry.npmjs.org/react/-/react-19.2.8.tgz. Extracting by manifest.
645 silly tarball no local data for react-dom@https://registry.npmjs.org/react-dom/-/react-dom-19.2.8.tgz. Extracting by manifest.
646 silly tarball no local data for oxlint@https://registry.npmjs.org/oxlint/-/oxlint-1.81.0.tgz. Extracting by manifest.
647 silly tarball no local data for vite@https://registry.npmjs.org/vite/-/vite-8.2.2.tgz. Extracting by manifest.
648 silly tarball no local data for @vitejs/plugin-react@https://registry.npmjs.org/@vitejs/plugin-react/-/plugin-react-6.1.1.tgz. Extracting by manifest.
649 silly tarball no local data for @types/react-dom@https://registry.npmjs.org/@types/react-dom/-/react-dom-19.2.5.tgz. Extracting by manifest.
650 silly tarball no local data for @types/react@https://registry.npmjs.org/@types/react/-/react-19.2.18.tgz. Extracting by manifest.
651 silly tarball no local data for @types/node@https://registry.npmjs.org/@types/node/-/node-24.13.3.tgz. Extracting by manifest.
652 http fetch GET 200 https://registry.npmjs.org/nanoid/-/nanoid-3.3.18.tgz 265ms (cache miss)
653 http fetch GET 200 https://registry.npmjs.org/fdir/-/fdir-6.5.0.tgz 266ms (cache miss)
654 http fetch POST 200 https://registry.npmjs.org/-/npm/v1/security/advisories/bulk 382ms
655 silly audit report {}
656 http fetch GET 200 https://registry.npmjs.org/@rolldown/pluginutils/-/pluginutils-1.0.1.tgz 513ms (cache miss)
657 http fetch GET 200 https://registry.npmjs.org/picocolors/-/picocolors-1.1.1.tgz 536ms (cache miss)
658 http fetch GET 200 https://registry.npmjs.org/source-map-js/-/source-map-js-1.2.1.tgz 552ms (cache miss)
659 http fetch GET 200 https://registry.npmjs.org/@oxc-project/types/-/types-0.147.0.tgz 626ms (cache miss)
660 http fetch GET 200 https://registry.npmjs.org/csstype/-/csstype-3.2.3.tgz 807ms (cache miss)
661 http fetch GET 200 https://registry.npmjs.org/fsevents/-/fsevents-2.3.3.tgz 902ms (cache miss)
662 http fetch GET 200 https://registry.npmjs.org/detect-libc/-/detect-libc-2.1.2.tgz 934ms (cache miss)
663 http fetch GET 200 https://registry.npmjs.org/undici-types/-/undici-types-7.18.2.tgz 974ms (cache miss)
664 http fetch GET 200 https://registry.npmjs.org/postcss/-/postcss-8.5.26.tgz 1051ms (cache miss)
665 http fetch GET 200 https://registry.npmjs.org/react/-/react-19.2.8.tgz 1112ms (cache miss)
666 http fetch GET 200 https://registry.npmjs.org/tinyglobby/-/tinyglobby-0.2.17.tgz 1166ms (cache miss)
667 http fetch GET 200 https://registry.npmjs.org/scheduler/-/scheduler-0.27.0.tgz 1191ms (cache miss)
668 http fetch GET 200 https://registry.npmjs.org/@types/react-dom/-/react-dom-19.2.5.tgz 1193ms (cache miss)
669 http fetch GET 200 https://registry.npmjs.org/picomatch/-/picomatch-4.0.7.tgz 1309ms (cache miss)
670 http fetch GET 200 https://registry.npmjs.org/@vitejs/plugin-react/-/plugin-react-6.1.1.tgz 1409ms (cache miss)
671 http fetch GET 200 https://registry.npmjs.org/vite/-/vite-8.2.2.tgz 1846ms (cache miss)
672 http fetch GET 200 https://registry.npmjs.org/@types/react/-/react-19.2.18.tgz 2096ms (cache miss)
673 http fetch GET 200 https://registry.npmjs.org/@types/node/-/node-24.13.3.tgz 2162ms (cache miss)
674 http fetch GET 200 https://registry.npmjs.org/lightningcss/-/lightningcss-1.33.0.tgz 2632ms (cache miss)
675 http fetch GET 200 https://registry.npmjs.org/typescript/-/typescript-6.0.3.tgz 3116ms (cache miss)
676 http fetch GET 200 https://registry.npmjs.org/rolldown/-/rolldown-1.2.6.tgz 3255ms (cache miss)
677 http fetch GET 200 https://registry.npmjs.org/react-dom/-/react-dom-19.2.8.tgz 4527ms (cache miss)
678 http fetch GET 200 https://registry.npmjs.org/oxlint/-/oxlint-1.81.0.tgz 5691ms (cache miss)
679 http fetch GET 200 https://registry.npmjs.org/lightningcss-darwin-arm64/-/lightningcss-darwin-arm64-1.33.0.tgz 46028ms (cache miss)
680 info run fsevents@2.3.3 install node_modules/fsevents node-gyp rebuild
681 info run fsevents@2.3.3 install { code: 1, signal: null }
682 verbose reify failed optional dependency /Users/aogengyuan/PycharmProjects/hands_gesture/hands-gesture-web/node_modules/fsevents
683 silly reify mark deleted [
683 silly reify   '/Users/aogengyuan/PycharmProjects/hands_gesture/hands-gesture-web/node_modules/fsevents'
683 silly reify ]
684 silly ADD node_modules/fdir
685 silly ADD
686 silly ADD
687 silly ADD
688 silly ADD
689 silly ADD
690 silly ADD
691 silly ADD
692 silly ADD
693 silly ADD
694 silly ADD
695 silly ADD
696 silly ADD
697 silly ADD
698 silly ADD
699 silly ADD
700 silly ADD node_modules/@oxc-project/types
701 silly ADD node_modules/source-map-js
702 silly ADD node_modules/picocolors
703 silly ADD node_modules/nanoid
704 silly ADD
705 silly ADD
706 silly ADD
707 silly ADD
708 silly ADD
709 silly ADD
710 silly ADD
711 silly ADD
712 silly ADD
713 silly ADD node_modules/lightningcss-darwin-arm64
714 silly ADD
715 silly ADD node_modules/detect-libc
716 silly ADD node_modules/tinyglobby
717 silly ADD node_modules/rolldown
718 silly ADD node_modules/postcss
719 silly ADD node_modules/picomatch
720 silly ADD node_modules/lightningcss
721 silly ADD
722 silly ADD node_modules/scheduler
723 silly ADD
724 silly ADD
725 silly ADD
726 silly ADD
727 silly ADD
728 silly ADD
729 silly ADD
730 silly ADD
731 silly ADD
732 silly ADD
733 silly ADD
734 silly ADD
735 silly ADD
736 silly ADD
737 silly ADD
738 silly ADD
739 silly ADD
740 silly ADD
741 silly ADD
742 silly ADD node_modules/@rolldown/pluginutils
743 silly ADD node_modules/csstype
744 silly ADD node_modules/undici-types
745 silly ADD node_modules/typescript
746 silly ADD node_modules/react-dom
747 silly ADD node_modules/react
748 silly ADD node_modules/oxlint
749 silly ADD node_modules/vite
750 silly ADD node_modules/@vitejs/plugin-react
751 silly ADD node_modules/@types/react-dom
752 silly ADD node_modules/@types/react
753 silly ADD node_modules/@types/node
754 verbose cwd /Users/aogengyuan/PycharmProjects/hands_gesture/hands-gesture-web
755 verbose os Darwin 23.6.0
756 verbose node v22.8.0
757 verbose npm  v10.8.2
758 verbose exit 0
759 info ok
